<!doctype html public "-//w3c//dtd html 4.0 transitional//en">
<html><head>
<title>Static Call Graph - [H7PI_Samples\H7PI_Samples.axf]</title></head>
<body><HR>
<H1>Static Call Graph for image H7PI_Samples\H7PI_Samples.axf</H1><HR>
<BR><P>#&#060CALLGRAPH&#062# ARM Linker, 6100100: Last Updated: Mon Mar  9 23:11:48 2020
<BR><P>
<H3>Maximum Stack Usage =       4432 bytes + Unknown(Functions without stacksize, Cycles, Untraceable Function Pointers)</H3><H3>
Call chain for Maximum Stack Depth:</H3>
StartDefaultTask &rArr; sys_Init &rArr; GUI_Init &rArr; GUI__Config &rArr; LCD_X_Config &rArr; GUI_DEVICE_CreateAndLink &rArr; GUI_ALLOC_GetFixedBlock &rArr; _EnlargeBlocks &rArr; GUI_Lock &rArr; GUI_X_Lock &rArr; osMutexWait &rArr; xQueueSemaphoreTake &rArr; xTaskResumeAll &rArr; xTaskIncrementTick
<P>
<H3>
Functions with no stack information
</H3><UL>
 <LI><a href="#[159]">GUIDRV_FlexColor_Config</a>
 <LI><a href="#[15b]">GUIDRV_FlexColor_SetFunc</a>
 <LI><a href="#[d8]">GUIDRV_FlexColor_SetFunc66720</a>
 <LI><a href="#[d9]">GUIDRV_FlexColor_SetMode16bppC0B8</a>
 <LI><a href="#[cc]">GUIDRV_FlexColor__GetPixelIndexNoCache</a>
 <LI><a href="#[15c]">GUIDRV_FlexColor__InitOnce</a>
 <LI><a href="#[c0]">GUIDRV_FlexColor__SetLog2Phys</a>
 <LI><a href="#[cd]">GUIDRV_FlexColor__SetPixelIndexNoCache</a>
 <LI><a href="#[11d]">GUIMONO_DispChar</a>
 <LI><a href="#[11e]">GUIMONO_GetCharDistX</a>
 <LI><a href="#[11f]">GUIMONO_GetFontInfo</a>
 <LI><a href="#[120]">GUIMONO_IsInFont</a>
 <LI><a href="#[160]">GUITASK_CopyContext</a>
 <LI><a href="#[162]">GUITASK_Init</a>
 <LI><a href="#[165]">GUI_ALLOC_AllocNoInit</a>
 <LI><a href="#[169]">GUI_ALLOC_AllocZero</a>
 <LI><a href="#[1a8]">GUI_ALLOC_AssignMemory</a>
 <LI><a href="#[16a]">GUI_ALLOC_Free</a>
 <LI><a href="#[174]">GUI_ALLOC_FreeFixedBlock</a>
 <LI><a href="#[15a]">GUI_ALLOC_GetFixedBlock</a>
 <LI><a href="#[191]">GUI_ALLOC_LockH</a>
 <LI><a href="#[192]">GUI_ALLOC_UnlockH</a>
 <LI><a href="#[2c9]">GUI_ALLOC_h2p</a>
 <LI><a href="#[176]">GUI_AddDecShift</a>
 <LI><a href="#[2e1]">GUI_CalcColorDist</a>
 <LI><a href="#[16e]">GUI_Clear</a>
 <LI><a href="#[172]">GUI_DEVICE_CreateAndLink</a>
 <LI><a href="#[173]">GUI_DEVICE_Delete</a>
 <LI><a href="#[18f]">GUI_DEVICE_LinkDevices</a>
 <LI><a href="#[26b]">GUI_DEVICE_Unlink</a>
 <LI><a href="#[18e]">GUI_DEVICE_UnlinkTaskDevices</a>
 <LI><a href="#[1a1]">GUI_DEVICE__GetpDriver</a>
 <LI><a href="#[175]">GUI_DispDecAt</a>
 <LI><a href="#[177]">GUI_DispStringAt</a>
 <LI><a href="#[198]">GUI_GetBitsPerPixelEx</a>
 <LI><a href="#[17f]">GUI_GetCharDistX</a>
 <LI><a href="#[180]">GUI_GetCharDistXEx</a>
 <LI><a href="#[179]">GUI_GetFontDistY</a>
 <LI><a href="#[1af]">GUI_GetVersionString</a>
 <LI><a href="#[17a]">GUI_GetYAdjust</a>
 <LI><a href="#[19a]">GUI_GetpfColor2IndexEx</a>
 <LI><a href="#[199]">GUI_GetpfIndex2ColorEx</a>
 <LI><a href="#[16f]">GUI_GotoXY</a>
 <LI><a href="#[181]">GUI_Init</a>
 <LI><a href="#[166]">GUI_Lock</a>
 <LI><a href="#[190]">GUI_MEMDEV_Delete</a>
 <LI><a href="#[195]">GUI_MEMDEV_GetBitsPerPixel</a>
 <LI><a href="#[197]">GUI_MEMDEV_GetDataPtr</a>
 <LI><a href="#[ed]">GUI_MEMDEV__WriteToActiveOpaque</a>
 <LI><a href="#[2ec]">GUI_MergeRect</a>
 <LI><a href="#[2d5]">GUI_MoveRect</a>
 <LI><a href="#[2de]">GUI_RectsIntersect</a>
 <LI><a href="#[194]">GUI_SelectLCD</a>
 <LI><a href="#[1a0]">GUI_SelectLayer</a>
 <LI><a href="#[1a2]">GUI_SetBkColor</a>
 <LI><a href="#[1a9]">GUI_SetDefaultFont</a>
 <LI><a href="#[18b]">GUI_SetOrg</a>
 <LI><a href="#[1a5]">GUI_SignalEvent</a>
 <LI><a href="#[1a4]">GUI_StoreKey</a>
 <LI><a href="#[1b2]">GUI_UC__GetCharCodeInc</a>
 <LI><a href="#[17e]">GUI_UC__NumChars2NumBytes</a>
 <LI><a href="#[2e4]">GUI_USAGE_AddRect</a>
 <LI><a href="#[193]">GUI_USAGE_DecUseCnt</a>
 <LI><a href="#[168]">GUI_Unlock</a>
 <LI><a href="#[19b]">GUI__CompactPixelIndices</a>
 <LI><a href="#[182]">GUI__Config</a>
 <LI><a href="#[17d]">GUI__DispLine</a>
 <LI><a href="#[17c]">GUI__GetLineDistX</a>
 <LI><a href="#[17b]">GUI__GetLineNumChars</a>
 <LI><a href="#[2d6]">GUI__IntersectRect</a>
 <LI><a href="#[26d]">GUI__IntersectRects</a>
 <LI><a href="#[1b3]">GUI__ManageCache</a>
 <LI><a href="#[163]">GUI__RegisterExit</a>
 <LI><a href="#[2e5]">GUI__memset16</a>
 <LI><a href="#[265]">LCD_Color2Index</a>
 <LI><a href="#[15e]">LCD_DrawBitmap</a>
 <LI><a href="#[ff]">LCD_DrawHLine</a>
 <LI><a href="#[100]">LCD_DrawPixel</a>
 <LI><a href="#[15f]">LCD_FillRect</a>
 <LI><a href="#[260]">LCD_GetBitsPerPixelEx</a>
 <LI><a href="#[261]">LCD_GetNumColors</a>
 <LI><a href="#[262]">LCD_GetNumColorsEx</a>
 <LI><a href="#[263]">LCD_GetNumLayers</a>
 <LI><a href="#[264]">LCD_GetPalette</a>
 <LI><a href="#[186]">LCD_GetXSizeDisplay</a>
 <LI><a href="#[188]">LCD_GetXSizeMax</a>
 <LI><a href="#[187]">LCD_GetYSizeDisplay</a>
 <LI><a href="#[189]">LCD_GetYSizeMax</a>
 <LI><a href="#[0]">LCD_GetpPalConvTableBM</a>
 <LI><a href="#[268]">LCD_Index2Color</a>
 <LI><a href="#[fb]">LCD_Index2Color_M565</a>
 <LI><a href="#[266]">LCD_InitColors</a>
 <LI><a href="#[267]">LCD_InitLUT</a>
 <LI><a href="#[19d]">LCD_SelectLCD</a>
 <LI><a href="#[1a3]">LCD_SetBkColor</a>
 <LI><a href="#[271]">LCD_SetBkColorIndex</a>
 <LI><a href="#[26c]">LCD_SetClipRectEx</a>
 <LI><a href="#[26a]">LCD_SetClipRectMax</a>
 <LI><a href="#[2ea]">LCD_SetColor</a>
 <LI><a href="#[270]">LCD_SetColorIndex</a>
 <LI><a href="#[18a]">LCD_SetDisplaySize</a>
 <LI><a href="#[15d]">LCD_SetDrawMode</a>
 <LI><a href="#[269]">LCD_SetLUTEntryEx</a>
 <LI><a href="#[26e]">LCD_SetSizeEx</a>
 <LI><a href="#[26f]">LCD_SetVSizeEx</a>
 <LI><a href="#[19e]">LCD_UpdateColorIndices</a>
 <LI><a href="#[19c]">LCD__DrawBitmap_1bpp</a>
 <LI><a href="#[2eb]">LCD__GetBPP</a>
 <LI><a href="#[196]">LCD__GetBPPDevice</a>
 <LI><a href="#[19f]">WM_Activate</a>
 <LI><a href="#[2c7]">WM_BringToBottom</a>
 <LI><a href="#[2cb]">WM_CreateWindowAsChild</a>
 <LI><a href="#[2cf]">WM_DefaultProc</a>
 <LI><a href="#[2e9]">WM_GetDesktopWindow</a>
 <LI><a href="#[2d2]">WM_GetFirstChild</a>
 <LI><a href="#[2d3]">WM_GetParent</a>
 <LI><a href="#[18c]">WM_Init</a>
 <LI><a href="#[2da]">WM_InvalidateWindowAndDescsEx</a>
 <LI><a href="#[2d1]">WM_SendToParent</a>
 <LI><a href="#[2db]">WM__ActivateClipRect</a>
 <LI><a href="#[2d4]">WM__AddCriticalHandle</a>
 <LI><a href="#[2d0]">WM__GetClientRectEx</a>
 <LI><a href="#[2dc]">WM__GetClientRectWin</a>
 <LI><a href="#[171]">WM__GetNextIVR</a>
 <LI><a href="#[2c8]">WM__GetPrevSibling</a>
 <LI><a href="#[170]">WM__InitIVRSearch</a>
 <LI><a href="#[2cc]">WM__InsertWindowIntoList</a>
 <LI><a href="#[2d8]">WM__InvalidateDrawAndDescs</a>
 <LI><a href="#[2d9]">WM__InvalidateRect</a>
 <LI><a href="#[2ca]">WM__InvalidateRectEx</a>
 <LI><a href="#[2cd]">WM__SendMessage</a>
 <LI><a href="#[185]">emWin_LCD_Init</a>
 <LI><a href="#[fa]">_Color2Index_M565</a>
 <LI><a href="#[fc]">_GetIndexMask_M565</a>
 <LI><a href="#[fd]">_Color2IndexBulk</a>
 <LI><a href="#[fe]">_Index2ColorBulk</a>
 <LI><a href="#[16b]">_AddFreeMemory</a>
 <LI><a href="#[16d]">_RemoveHoles</a>
 <LI><a href="#[16c]">_EnlargeBlocks</a>
 <LI><a href="#[167]">_Alloc</a>
 <LI><a href="#[184]">_InitContext</a>
 <LI><a href="#[d0]">_OnExit</a>
 <LI><a href="#[10a]">_Log2PhysY_X1Y0S0</a>
 <LI><a href="#[10c]">_Log2PhysY_X1Y1S0</a>
 <LI><a href="#[10e]">_Log2PhysY_X1Y0S1</a>
 <LI><a href="#[110]">_Log2PhysY_X1Y1S1</a>
 <LI><a href="#[116]">_SetPixelIndex</a>
 <LI><a href="#[115]">_GetPixelIndex</a>
 <LI><a href="#[117]">_XorPixel</a>
 <LI><a href="#[112]">_DrawHLine</a>
 <LI><a href="#[113]">_DrawVLine</a>
 <LI><a href="#[114]">_FillRect</a>
 <LI><a href="#[111]">_DrawBitmap</a>
 <LI><a href="#[ee]">_GetDevFunc_SetRect</a>
 <LI><a href="#[e9]">_GetDevFunc_SetRectOutside</a>
 <LI><a href="#[f0]">_ReadPixelCust_16bpp</a>
 <LI><a href="#[f1]">_ReadPixelCust_18bpp</a>
 <LI><a href="#[ef]">_ReadRectCust_16bpp</a>
 <LI><a href="#[f2]">_ReadRectCust_18bpp</a>
 <LI><a href="#[119]">_GetDevFunc</a>
 <LI><a href="#[e6]">_GetDevFunc_On</a>
 <LI><a href="#[e7]">_GetDevFunc_Off</a>
 <LI><a href="#[e8]">_SetDevFunc</a>
 <LI><a href="#[ea]">_GetDevFunc_SetVSize</a>
 <LI><a href="#[eb]">_GetDevFunc_SetSize</a>
 <LI><a href="#[ec]">_GetDevFunc_Init</a>
 <LI><a href="#[11a]">_GetDevProp</a>
 <LI><a href="#[11b]">_GetDevData</a>
 <LI><a href="#[11c]">_GetRect</a>
 <LI><a href="#[118]">_SetOrg</a>
 <LI><a href="#[10d]">_Log2PhysY_X0Y0S1</a>
 <LI><a href="#[101]">_Log2PhysX_X0Y0S0</a>
 <LI><a href="#[103]">_Log2PhysX_X0Y1S0</a>
 <LI><a href="#[105]">_Log2PhysX_X0Y0S1</a>
 <LI><a href="#[107]">_Log2PhysX_X0Y1S1</a>
 <LI><a href="#[109]">_Log2PhysY_X0Y0S0</a>
 <LI><a href="#[10b]">_Log2PhysY_X0Y1S0</a>
 <LI><a href="#[102]">_Log2PhysX_X1Y0S0</a>
 <LI><a href="#[104]">_Log2PhysX_X1Y1S0</a>
 <LI><a href="#[106]">_Log2PhysX_X1Y0S1</a>
 <LI><a href="#[108]">_Log2PhysX_X1Y1S1</a>
 <LI><a href="#[10f]">_Log2PhysY_X0Y1S1</a>
 <LI><a href="#[ce]">_ReadData</a>
 <LI><a href="#[cb]">_WriteData</a>
 <LI><a href="#[ca]">_FillRect</a>
 <LI><a href="#[c9]">_DrawBitmap</a>
 <LI><a href="#[c1]">_SetPhysRAMAddr</a>
 <LI><a href="#[c4]">_SetRect</a>
 <LI><a href="#[c2]">_SetOrientation</a>
 <LI><a href="#[c3]">_ReadPixel_16bpp_B8</a>
 <LI><a href="#[c6]">_ReadRect_16bpp_B8</a>
 <LI><a href="#[c5]">_ReadPixel_32bpp_B8</a>
 <LI><a href="#[c7]">_ReadRect_32bpp_B8</a>
 <LI><a href="#[1]">_ReadPixel_16bpp_B16_I</a>
 <LI><a href="#[2]">_ReadRect_16bpp_B16_I</a>
 <LI><a href="#[f5]">_SetReg_B8</a>
 <LI><a href="#[f3]">_SetReg_B16</a>
 <LI><a href="#[f6]">_WritePara_B8</a>
 <LI><a href="#[f4]">_WritePara_B16</a>
 <LI><a href="#[c8]">_SetInterface</a>
 <LI><a href="#[12b]">_GetDevData</a>
 <LI><a href="#[129]">_GetDevFunc</a>
 <LI><a href="#[128]">_SetOrg</a>
 <LI><a href="#[12c]">_GetRect</a>
 <LI><a href="#[121]">_DrawBitmap</a>
 <LI><a href="#[12a]">_GetDevProp</a>
 <LI><a href="#[125]">_GetPixelIndex</a>
 <LI><a href="#[126]">_SetPixelIndex</a>
 <LI><a href="#[127]">_XorPixel</a>
 <LI><a href="#[124]">_FillRect</a>
 <LI><a href="#[122]">_DrawHLine</a>
 <LI><a href="#[123]">_DrawVLine</a>
 <LI><a href="#[de]">_OnExit</a>
 <LI><a href="#[2e7]">_Findy1</a>
 <LI><a href="#[2e6]">_Findx0</a>
 <LI><a href="#[2df]">_Findx1</a>
 <LI><a href="#[2dd]">_Findx0.constprop.10</a>
 <LI><a href="#[2e0]">_Findy1.constprop.11</a>
 <LI><a href="#[2d7]">_Invalidate1Abs</a>
 <LI><a href="#[2ce]">WM_InvalidateRect.part.2</a>
 <LI><a href="#[dd]">_cbBackWin</a>
 <LI><a href="#[178]">GUI_DispString.part.0</a>
 <LI><a href="#[cf]">_OnExit</a>
 <LI><a href="#[12d]">_GetCharCode</a>
 <LI><a href="#[12e]">_GetCharSize</a>
 <LI><a href="#[12f]">_CalcSizeOfChar</a>
 <LI><a href="#[130]">_Encode</a>
 <LI><a href="#[132]">_SetBkColor</a>
 <LI><a href="#[131]">_SetColor</a>
 <LI><a href="#[133]">_SetDrawMode</a>
 <LI><a href="#[d6]">_OnExit</a>
 <LI><a href="#[136]">_GetIndexMask_0</a>
 <LI><a href="#[135]">_Index2Color_0</a>
 <LI><a href="#[134]">_Color2Index_0</a>
 <LI><a href="#[5]">_Log2VisBuffered</a>
 <LI><a href="#[1b1]">_DispLine</a>
</UL>
</UL>
<P>
<H3>
Mutually Recursive functions
</H3> <LI><a href="#[a9]">ADC3_IRQHandler</a>&nbsp;&nbsp;&nbsp;&rArr;&nbsp;&nbsp;&nbsp;<a href="#[a9]">ADC3_IRQHandler</a><BR>
 <LI><a href="#[2b]">BusFault_Handler</a>&nbsp;&nbsp;&nbsp;&rArr;&nbsp;&nbsp;&nbsp;<a href="#[2b]">BusFault_Handler</a><BR>
 <LI><a href="#[167]">_Alloc</a>&nbsp;&nbsp;&nbsp;&rArr;&nbsp;&nbsp;&nbsp;<a href="#[16c]">_EnlargeBlocks</a><BR>
 <LI><a href="#[29]">HardFault_Handler</a>&nbsp;&nbsp;&nbsp;&rArr;&nbsp;&nbsp;&nbsp;<a href="#[29]">HardFault_Handler</a><BR>
 <LI><a href="#[2a]">MemManage_Handler</a>&nbsp;&nbsp;&nbsp;&rArr;&nbsp;&nbsp;&nbsp;<a href="#[2a]">MemManage_Handler</a><BR>
 <LI><a href="#[2d9]">WM__InvalidateRect</a>&nbsp;&nbsp;&nbsp;&rArr;&nbsp;&nbsp;&nbsp;<a href="#[2d9]">WM__InvalidateRect</a><BR>
 <LI><a href="#[2da]">WM_InvalidateWindowAndDescsEx</a>&nbsp;&nbsp;&nbsp;&rArr;&nbsp;&nbsp;&nbsp;<a href="#[2da]">WM_InvalidateWindowAndDescsEx</a><BR>
 <LI><a href="#[2d1]">WM_SendToParent</a>&nbsp;&nbsp;&nbsp;&rArr;&nbsp;&nbsp;&nbsp;<a href="#[2cd]">WM__SendMessage</a><BR>
 <LI><a href="#[2d8]">WM__InvalidateDrawAndDescs</a>&nbsp;&nbsp;&nbsp;&rArr;&nbsp;&nbsp;&nbsp;<a href="#[2d8]">WM__InvalidateDrawAndDescs</a><BR>
 <LI><a href="#[2c]">UsageFault_Handler</a>&nbsp;&nbsp;&nbsp;&rArr;&nbsp;&nbsp;&nbsp;<a href="#[2c]">UsageFault_Handler</a><BR>
 <LI><a href="#[2e7]">_Findy1</a>&nbsp;&nbsp;&nbsp;&rArr;&nbsp;&nbsp;&nbsp;<a href="#[2e7]">_Findy1</a><BR>
 <LI><a href="#[2e6]">_Findx0</a>&nbsp;&nbsp;&nbsp;&rArr;&nbsp;&nbsp;&nbsp;<a href="#[2e6]">_Findx0</a><BR>
 <LI><a href="#[2df]">_Findx1</a>&nbsp;&nbsp;&nbsp;&rArr;&nbsp;&nbsp;&nbsp;<a href="#[2df]">_Findx1</a><BR>
</UL>
<P>
<H3>
Function Pointers
</H3><UL>
 <LI><a href="#[a9]">ADC3_IRQHandler</a> from startup_stm32h750xx.o(.text) referenced from startup_stm32h750xx.o(RESET)
 <LI><a href="#[43]">ADC_IRQHandler</a> from startup_stm32h750xx.o(.text) referenced from startup_stm32h750xx.o(RESET)
 <LI><a href="#[ab]">BDMA_Channel0_IRQHandler</a> from startup_stm32h750xx.o(.text) referenced from startup_stm32h750xx.o(RESET)
 <LI><a href="#[ac]">BDMA_Channel1_IRQHandler</a> from startup_stm32h750xx.o(.text) referenced from startup_stm32h750xx.o(RESET)
 <LI><a href="#[ad]">BDMA_Channel2_IRQHandler</a> from startup_stm32h750xx.o(.text) referenced from startup_stm32h750xx.o(RESET)
 <LI><a href="#[ae]">BDMA_Channel3_IRQHandler</a> from startup_stm32h750xx.o(.text) referenced from startup_stm32h750xx.o(RESET)
 <LI><a href="#[af]">BDMA_Channel4_IRQHandler</a> from startup_stm32h750xx.o(.text) referenced from startup_stm32h750xx.o(RESET)
 <LI><a href="#[b0]">BDMA_Channel5_IRQHandler</a> from startup_stm32h750xx.o(.text) referenced from startup_stm32h750xx.o(RESET)
 <LI><a href="#[b1]">BDMA_Channel6_IRQHandler</a> from startup_stm32h750xx.o(.text) referenced from startup_stm32h750xx.o(RESET)
 <LI><a href="#[b2]">BDMA_Channel7_IRQHandler</a> from startup_stm32h750xx.o(.text) referenced from startup_stm32h750xx.o(RESET)
 <LI><a href="#[2b]">BusFault_Handler</a> from stm32h7xx_it.o(.text.BusFault_Handler) referenced from startup_stm32h750xx.o(RESET)
 <LI><a href="#[19]">CDC_Control_FS</a> from usbd_cdc_if.o(.text.CDC_Control_FS) referenced 2 times from usbd_cdc_if.o(.data.USBD_Interface_fops_FS)
 <LI><a href="#[18]">CDC_DeInit_FS</a> from usbd_cdc_if.o(.text.CDC_DeInit_FS) referenced 2 times from usbd_cdc_if.o(.data.USBD_Interface_fops_FS)
 <LI><a href="#[17]">CDC_Init_FS</a> from usbd_cdc_if.o(.text.CDC_Init_FS) referenced 2 times from usbd_cdc_if.o(.data.USBD_Interface_fops_FS)
 <LI><a href="#[1a]">CDC_Receive_FS</a> from usbd_cdc_if.o(.text.CDC_Receive_FS) referenced 2 times from usbd_cdc_if.o(.data.USBD_Interface_fops_FS)
 <LI><a href="#[8a]">CEC_IRQHandler</a> from startup_stm32h750xx.o(.text) referenced from startup_stm32h750xx.o(RESET)
 <LI><a href="#[b3]">COMP1_IRQHandler</a> from startup_stm32h750xx.o(.text) referenced from startup_stm32h750xx.o(RESET)
 <LI><a href="#[b9]">CRS_IRQHandler</a> from startup_stm32h750xx.o(.text) referenced from startup_stm32h750xx.o(RESET)
 <LI><a href="#[7b]">CRYP_IRQHandler</a> from startup_stm32h750xx.o(.text) referenced from startup_stm32h750xx.o(RESET)
 <LI><a href="#[7a]">DCMI_IRQHandler</a> from startup_stm32h750xx.o(.text) referenced from startup_stm32h750xx.o(RESET)
 <LI><a href="#[9a]">DFSDM1_FLT0_IRQHandler</a> from startup_stm32h750xx.o(.text) referenced from startup_stm32h750xx.o(RESET)
 <LI><a href="#[9b]">DFSDM1_FLT1_IRQHandler</a> from startup_stm32h750xx.o(.text) referenced from startup_stm32h750xx.o(RESET)
 <LI><a href="#[9c]">DFSDM1_FLT2_IRQHandler</a> from startup_stm32h750xx.o(.text) referenced from startup_stm32h750xx.o(RESET)
 <LI><a href="#[9d]">DFSDM1_FLT3_IRQHandler</a> from startup_stm32h750xx.o(.text) referenced from startup_stm32h750xx.o(RESET)
 <LI><a href="#[3c]">DMA1_Stream0_IRQHandler</a> from stm32h7xx_it.o(.text.DMA1_Stream0_IRQHandler) referenced from startup_stm32h750xx.o(RESET)
 <LI><a href="#[3d]">DMA1_Stream1_IRQHandler</a> from stm32h7xx_it.o(.text.DMA1_Stream1_IRQHandler) referenced from startup_stm32h750xx.o(RESET)
 <LI><a href="#[3e]">DMA1_Stream2_IRQHandler</a> from startup_stm32h750xx.o(.text) referenced from startup_stm32h750xx.o(RESET)
 <LI><a href="#[3f]">DMA1_Stream3_IRQHandler</a> from startup_stm32h750xx.o(.text) referenced from startup_stm32h750xx.o(RESET)
 <LI><a href="#[40]">DMA1_Stream4_IRQHandler</a> from startup_stm32h750xx.o(.text) referenced from startup_stm32h750xx.o(RESET)
 <LI><a href="#[41]">DMA1_Stream5_IRQHandler</a> from startup_stm32h750xx.o(.text) referenced from startup_stm32h750xx.o(RESET)
 <LI><a href="#[42]">DMA1_Stream6_IRQHandler</a> from startup_stm32h750xx.o(.text) referenced from startup_stm32h750xx.o(RESET)
 <LI><a href="#[5f]">DMA1_Stream7_IRQHandler</a> from startup_stm32h750xx.o(.text) referenced from startup_stm32h750xx.o(RESET)
 <LI><a href="#[86]">DMA2D_IRQHandler</a> from startup_stm32h750xx.o(.text) referenced from startup_stm32h750xx.o(RESET)
 <LI><a href="#[68]">DMA2_Stream0_IRQHandler</a> from startup_stm32h750xx.o(.text) referenced from startup_stm32h750xx.o(RESET)
 <LI><a href="#[69]">DMA2_Stream1_IRQHandler</a> from startup_stm32h750xx.o(.text) referenced from startup_stm32h750xx.o(RESET)
 <LI><a href="#[6a]">DMA2_Stream2_IRQHandler</a> from startup_stm32h750xx.o(.text) referenced from startup_stm32h750xx.o(RESET)
 <LI><a href="#[6b]">DMA2_Stream3_IRQHandler</a> from startup_stm32h750xx.o(.text) referenced from startup_stm32h750xx.o(RESET)
 <LI><a href="#[6c]">DMA2_Stream4_IRQHandler</a> from startup_stm32h750xx.o(.text) referenced from startup_stm32h750xx.o(RESET)
 <LI><a href="#[70]">DMA2_Stream5_IRQHandler</a> from startup_stm32h750xx.o(.text) referenced from startup_stm32h750xx.o(RESET)
 <LI><a href="#[71]">DMA2_Stream6_IRQHandler</a> from startup_stm32h750xx.o(.text) referenced from startup_stm32h750xx.o(RESET)
 <LI><a href="#[72]">DMA2_Stream7_IRQHandler</a> from startup_stm32h750xx.o(.text) referenced from startup_stm32h750xx.o(RESET)
 <LI><a href="#[92]">DMAMUX1_OVR_IRQHandler</a> from startup_stm32h750xx.o(.text) referenced from startup_stm32h750xx.o(RESET)
 <LI><a href="#[aa]">DMAMUX2_OVR_IRQHandler</a> from startup_stm32h750xx.o(.text) referenced from startup_stm32h750xx.o(RESET)
 <LI><a href="#[2e]">DebugMon_Handler</a> from stm32h7xx_it.o(.text.DebugMon_Handler) referenced from startup_stm32h750xx.o(RESET)
 <LI><a href="#[ba]">ECC_IRQHandler</a> from startup_stm32h750xx.o(.text) referenced from startup_stm32h750xx.o(RESET)
 <LI><a href="#[6d]">ETH_IRQHandler</a> from startup_stm32h750xx.o(.text) referenced from startup_stm32h750xx.o(RESET)
 <LI><a href="#[6e]">ETH_WKUP_IRQHandler</a> from startup_stm32h750xx.o(.text) referenced from startup_stm32h750xx.o(RESET)
 <LI><a href="#[37]">EXTI0_IRQHandler</a> from startup_stm32h750xx.o(.text) referenced from startup_stm32h750xx.o(RESET)
 <LI><a href="#[59]">EXTI15_10_IRQHandler</a> from startup_stm32h750xx.o(.text) referenced from startup_stm32h750xx.o(RESET)
 <LI><a href="#[38]">EXTI1_IRQHandler</a> from startup_stm32h750xx.o(.text) referenced from startup_stm32h750xx.o(RESET)
 <LI><a href="#[39]">EXTI2_IRQHandler</a> from startup_stm32h750xx.o(.text) referenced from startup_stm32h750xx.o(RESET)
 <LI><a href="#[3a]">EXTI3_IRQHandler</a> from startup_stm32h750xx.o(.text) referenced from startup_stm32h750xx.o(RESET)
 <LI><a href="#[3b]">EXTI4_IRQHandler</a> from startup_stm32h750xx.o(.text) referenced from startup_stm32h750xx.o(RESET)
 <LI><a href="#[48]">EXTI9_5_IRQHandler</a> from startup_stm32h750xx.o(.text) referenced from startup_stm32h750xx.o(RESET)
 <LI><a href="#[44]">FDCAN1_IT0_IRQHandler</a> from startup_stm32h750xx.o(.text) referenced from startup_stm32h750xx.o(RESET)
 <LI><a href="#[46]">FDCAN1_IT1_IRQHandler</a> from startup_stm32h750xx.o(.text) referenced from startup_stm32h750xx.o(RESET)
 <LI><a href="#[45]">FDCAN2_IT0_IRQHandler</a> from startup_stm32h750xx.o(.text) referenced from startup_stm32h750xx.o(RESET)
 <LI><a href="#[47]">FDCAN2_IT1_IRQHandler</a> from startup_stm32h750xx.o(.text) referenced from startup_stm32h750xx.o(RESET)
 <LI><a href="#[6f]">FDCAN_CAL_IRQHandler</a> from startup_stm32h750xx.o(.text) referenced from startup_stm32h750xx.o(RESET)
 <LI><a href="#[35]">FLASH_IRQHandler</a> from startup_stm32h750xx.o(.text) referenced from startup_stm32h750xx.o(RESET)
 <LI><a href="#[60]">FMC_IRQHandler</a> from startup_stm32h750xx.o(.text) referenced from startup_stm32h750xx.o(RESET)
 <LI><a href="#[7d]">FPU_IRQHandler</a> from startup_stm32h750xx.o(.text) referenced from startup_stm32h750xx.o(RESET)
 <LI><a href="#[d8]">GUIDRV_FlexColor_SetFunc66720</a> from GUIDRV_FlexColor_Func66720.o(.text.GUIDRV_FlexColor_SetFunc66720) referenced 2 times from lcdconf_flexcolor_template.o(.text.LCD_X_Config)
 <LI><a href="#[d9]">GUIDRV_FlexColor_SetMode16bppC0B8</a> from GUIDRV_FlexColor_16bpp_C0B8.o(.text.GUIDRV_FlexColor_SetMode16bppC0B8) referenced 2 times from lcdconf_flexcolor_template.o(.text.LCD_X_Config)
 <LI><a href="#[cc]">GUIDRV_FlexColor__GetPixelIndexNoCache</a> from GUIDRV_FlexColor.o(.text.GUIDRV_FlexColor__GetPixelIndexNoCache) referenced from GUIDRV_FlexColor_16bpp_C0B8.o(.text.GUIDRV_FlexColor_SetMode16bppC0B8)
 <LI><a href="#[c0]">GUIDRV_FlexColor__SetLog2Phys</a> from GUIDRV_FlexColor.o(.text.GUIDRV_FlexColor__SetLog2Phys) referenced from GUIDRV_FlexColor.o(.text.GUIDRV_FlexColor_Config)
 <LI><a href="#[c0]">GUIDRV_FlexColor__SetLog2Phys</a> from GUIDRV_FlexColor.o(.text.GUIDRV_FlexColor__SetLog2Phys) referenced from GUIDRV_FlexColor.o(.text.GUIDRV_FlexColor_SetFunc)
 <LI><a href="#[c0]">GUIDRV_FlexColor__SetLog2Phys</a> from GUIDRV_FlexColor.o(.text.GUIDRV_FlexColor__SetLog2Phys) referenced from GUIDRV_FlexColor.o(.text.GUIDRV_FlexColor__InitOnce)
 <LI><a href="#[c0]">GUIDRV_FlexColor__SetLog2Phys</a> from GUIDRV_FlexColor.o(.text.GUIDRV_FlexColor__SetLog2Phys) referenced from GUIDRV_FlexColor.o(.text._GetDevFunc_Init)
 <LI><a href="#[c0]">GUIDRV_FlexColor__SetLog2Phys</a> from GUIDRV_FlexColor.o(.text.GUIDRV_FlexColor__SetLog2Phys) referenced from GUIDRV_FlexColor.o(.text._GetDevFunc_Off)
 <LI><a href="#[c0]">GUIDRV_FlexColor__SetLog2Phys</a> from GUIDRV_FlexColor.o(.text.GUIDRV_FlexColor__SetLog2Phys) referenced from GUIDRV_FlexColor.o(.text._GetDevFunc_On)
 <LI><a href="#[c0]">GUIDRV_FlexColor__SetLog2Phys</a> from GUIDRV_FlexColor.o(.text.GUIDRV_FlexColor__SetLog2Phys) referenced from GUIDRV_FlexColor.o(.text._GetDevFunc_SetSize)
 <LI><a href="#[c0]">GUIDRV_FlexColor__SetLog2Phys</a> from GUIDRV_FlexColor.o(.text.GUIDRV_FlexColor__SetLog2Phys) referenced from GUIDRV_FlexColor.o(.text._GetDevFunc_SetVSize)
 <LI><a href="#[c0]">GUIDRV_FlexColor__SetLog2Phys</a> from GUIDRV_FlexColor.o(.text.GUIDRV_FlexColor__SetLog2Phys) referenced from GUIDRV_FlexColor.o(.text._SetDevFunc)
 <LI><a href="#[cd]">GUIDRV_FlexColor__SetPixelIndexNoCache</a> from GUIDRV_FlexColor.o(.text.GUIDRV_FlexColor__SetPixelIndexNoCache) referenced from GUIDRV_FlexColor_16bpp_C0B8.o(.text.GUIDRV_FlexColor_SetMode16bppC0B8)
 <LI><a href="#[11d]">GUIMONO_DispChar</a> from GUI_CharM.o(.text.GUIMONO_DispChar) referenced 2 times from F6x8.o(.rodata)
 <LI><a href="#[11e]">GUIMONO_GetCharDistX</a> from GUI_CharM.o(.text.GUIMONO_GetCharDistX) referenced 2 times from F6x8.o(.rodata)
 <LI><a href="#[11f]">GUIMONO_GetFontInfo</a> from GUI_CharM.o(.text.GUIMONO_GetFontInfo) referenced 2 times from F6x8.o(.rodata)
 <LI><a href="#[120]">GUIMONO_IsInFont</a> from GUI_CharM.o(.text.GUIMONO_IsInFont) referenced 2 times from F6x8.o(.rodata)
 <LI><a href="#[ed]">GUI_MEMDEV__WriteToActiveOpaque</a> from GUIDEV_WriteToActiveOpaque.o(.text.GUI_MEMDEV__WriteToActiveOpaque) referenced from GUIDEV_16.o(.text._GetDevFunc)
 <LI><a href="#[7c]">HASH_RNG_IRQHandler</a> from startup_stm32h750xx.o(.text) referenced from startup_stm32h750xx.o(RESET)
 <LI><a href="#[99]">HRTIM1_FLT_IRQHandler</a> from startup_stm32h750xx.o(.text) referenced from startup_stm32h750xx.o(RESET)
 <LI><a href="#[93]">HRTIM1_Master_IRQHandler</a> from startup_stm32h750xx.o(.text) referenced from startup_stm32h750xx.o(RESET)
 <LI><a href="#[94]">HRTIM1_TIMA_IRQHandler</a> from startup_stm32h750xx.o(.text) referenced from startup_stm32h750xx.o(RESET)
 <LI><a href="#[95]">HRTIM1_TIMB_IRQHandler</a> from startup_stm32h750xx.o(.text) referenced from startup_stm32h750xx.o(RESET)
 <LI><a href="#[96]">HRTIM1_TIMC_IRQHandler</a> from startup_stm32h750xx.o(.text) referenced from startup_stm32h750xx.o(RESET)
 <LI><a href="#[97]">HRTIM1_TIMD_IRQHandler</a> from startup_stm32h750xx.o(.text) referenced from startup_stm32h750xx.o(RESET)
 <LI><a href="#[98]">HRTIM1_TIME_IRQHandler</a> from startup_stm32h750xx.o(.text) referenced from startup_stm32h750xx.o(RESET)
 <LI><a href="#[a8]">HSEM1_IRQHandler</a> from startup_stm32h750xx.o(.text) referenced from startup_stm32h750xx.o(RESET)
 <LI><a href="#[29]">HardFault_Handler</a> from stm32h7xx_it.o(.text.HardFault_Handler) referenced from startup_stm32h750xx.o(RESET)
 <LI><a href="#[51]">I2C1_ER_IRQHandler</a> from startup_stm32h750xx.o(.text) referenced from startup_stm32h750xx.o(RESET)
 <LI><a href="#[50]">I2C1_EV_IRQHandler</a> from stm32h7xx_it.o(.text.I2C1_EV_IRQHandler) referenced from startup_stm32h750xx.o(RESET)
 <LI><a href="#[53]">I2C2_ER_IRQHandler</a> from startup_stm32h750xx.o(.text) referenced from startup_stm32h750xx.o(RESET)
 <LI><a href="#[52]">I2C2_EV_IRQHandler</a> from stm32h7xx_it.o(.text.I2C2_EV_IRQHandler) referenced from startup_stm32h750xx.o(RESET)
 <LI><a href="#[75]">I2C3_ER_IRQHandler</a> from startup_stm32h750xx.o(.text) referenced from startup_stm32h750xx.o(RESET)
 <LI><a href="#[74]">I2C3_EV_IRQHandler</a> from startup_stm32h750xx.o(.text) referenced from startup_stm32h750xx.o(RESET)
 <LI><a href="#[8c]">I2C4_ER_IRQHandler</a> from startup_stm32h750xx.o(.text) referenced from startup_stm32h750xx.o(RESET)
 <LI><a href="#[8b]">I2C4_EV_IRQHandler</a> from startup_stm32h750xx.o(.text) referenced from startup_stm32h750xx.o(RESET)
 <LI><a href="#[a5]">JPEG_IRQHandler</a> from startup_stm32h750xx.o(.text) referenced from startup_stm32h750xx.o(RESET)
 <LI><a href="#[ff]">LCD_DrawHLine</a> from LCD.o(.text.LCD_DrawHLine) referenced from GUI_Core.o(.rodata)
 <LI><a href="#[100]">LCD_DrawPixel</a> from LCD.o(.text.LCD_DrawPixel) referenced from GUI_Core.o(.rodata)
 <LI><a href="#[0]">LCD_GetpPalConvTableBM</a> from LCD_Color.o(.text.LCD_GetpPalConvTableBM) referenced 2 times from GUI_Core.o(.data)
 <LI><a href="#[fb]">LCD_Index2Color_M565</a> from GUICC_M565.o(.text.LCD_Index2Color_M565) referenced from GUICC_M565.o(.rodata)
 <LI><a href="#[89]">LPTIM1_IRQHandler</a> from startup_stm32h750xx.o(.text) referenced from startup_stm32h750xx.o(RESET)
 <LI><a href="#[b4]">LPTIM2_IRQHandler</a> from startup_stm32h750xx.o(.text) referenced from startup_stm32h750xx.o(RESET)
 <LI><a href="#[b5]">LPTIM3_IRQHandler</a> from startup_stm32h750xx.o(.text) referenced from startup_stm32h750xx.o(RESET)
 <LI><a href="#[b6]">LPTIM4_IRQHandler</a> from startup_stm32h750xx.o(.text) referenced from startup_stm32h750xx.o(RESET)
 <LI><a href="#[b7]">LPTIM5_IRQHandler</a> from startup_stm32h750xx.o(.text) referenced from startup_stm32h750xx.o(RESET)
 <LI><a href="#[b8]">LPUART1_IRQHandler</a> from startup_stm32h750xx.o(.text) referenced from startup_stm32h750xx.o(RESET)
 <LI><a href="#[85]">LTDC_ER_IRQHandler</a> from startup_stm32h750xx.o(.text) referenced from startup_stm32h750xx.o(RESET)
 <LI><a href="#[84]">LTDC_IRQHandler</a> from startup_stm32h750xx.o(.text) referenced from startup_stm32h750xx.o(RESET)
 <LI><a href="#[dc]">LcdReadDataMultiple</a> from lcdconf_flexcolor_template.o(.text.LcdReadDataMultiple) referenced 2 times from lcdconf_flexcolor_template.o(.text.LCD_X_Config)
 <LI><a href="#[d7]">LcdWriteData</a> from lcdconf_flexcolor_template.o(.text.LcdWriteData) referenced 2 times from lcdconf_flexcolor_template.o(.text.LCD_X_Config)
 <LI><a href="#[db]">LcdWriteDataMultiple</a> from lcdconf_flexcolor_template.o(.text.LcdWriteDataMultiple) referenced 2 times from lcdconf_flexcolor_template.o(.text.LCD_X_Config)
 <LI><a href="#[da]">LcdWriteReg</a> from lcdconf_flexcolor_template.o(.text.LcdWriteReg) referenced 2 times from lcdconf_flexcolor_template.o(.text.LCD_X_Config)
 <LI><a href="#[a4]">MDIOS_IRQHandler</a> from startup_stm32h750xx.o(.text) referenced from startup_stm32h750xx.o(RESET)
 <LI><a href="#[a3]">MDIOS_WKUP_IRQHandler</a> from startup_stm32h750xx.o(.text) referenced from startup_stm32h750xx.o(RESET)
 <LI><a href="#[a6]">MDMA_IRQHandler</a> from startup_stm32h750xx.o(.text) referenced from startup_stm32h750xx.o(RESET)
 <LI><a href="#[2a]">MemManage_Handler</a> from stm32h7xx_it.o(.text.MemManage_Handler) referenced from startup_stm32h750xx.o(RESET)
 <LI><a href="#[28]">NMI_Handler</a> from stm32h7xx_it.o(.text.NMI_Handler) referenced from startup_stm32h750xx.o(RESET)
 <LI><a href="#[8f]">OTG_FS_EP1_IN_IRQHandler</a> from startup_stm32h750xx.o(.text) referenced from startup_stm32h750xx.o(RESET)
 <LI><a href="#[8e]">OTG_FS_EP1_OUT_IRQHandler</a> from startup_stm32h750xx.o(.text) referenced from startup_stm32h750xx.o(RESET)
 <LI><a href="#[91]">OTG_FS_IRQHandler</a> from stm32h7xx_it.o(.text.OTG_FS_IRQHandler) referenced from startup_stm32h750xx.o(RESET)
 <LI><a href="#[90]">OTG_FS_WKUP_IRQHandler</a> from startup_stm32h750xx.o(.text) referenced from startup_stm32h750xx.o(RESET)
 <LI><a href="#[77]">OTG_HS_EP1_IN_IRQHandler</a> from startup_stm32h750xx.o(.text) referenced from startup_stm32h750xx.o(RESET)
 <LI><a href="#[76]">OTG_HS_EP1_OUT_IRQHandler</a> from startup_stm32h750xx.o(.text) referenced from startup_stm32h750xx.o(RESET)
 <LI><a href="#[79]">OTG_HS_IRQHandler</a> from startup_stm32h750xx.o(.text) referenced from startup_stm32h750xx.o(RESET)
 <LI><a href="#[78]">OTG_HS_WKUP_IRQHandler</a> from startup_stm32h750xx.o(.text) referenced from startup_stm32h750xx.o(RESET)
 <LI><a href="#[32]">PVD_AVD_IRQHandler</a> from startup_stm32h750xx.o(.text) referenced from startup_stm32h750xx.o(RESET)
 <LI><a href="#[2f]">PendSV_Handler</a> from port.o(.text.PendSV_Handler) referenced from startup_stm32h750xx.o(RESET)
 <LI><a href="#[d1]">QSPI_DMAAbortCplt</a> from stm32h7xx_hal_qspi.o(.text.QSPI_DMAAbortCplt) referenced 2 times from stm32h7xx_hal_qspi.o(.text.HAL_QSPI_IRQHandler)
 <LI><a href="#[88]">QUADSPI_IRQHandler</a> from stm32h7xx_it.o(.text.QUADSPI_IRQHandler) referenced from startup_stm32h750xx.o(RESET)
 <LI><a href="#[36]">RCC_IRQHandler</a> from startup_stm32h750xx.o(.text) referenced from startup_stm32h750xx.o(RESET)
 <LI><a href="#[5a]">RTC_Alarm_IRQHandler</a> from startup_stm32h750xx.o(.text) referenced from startup_stm32h750xx.o(RESET)
 <LI><a href="#[34]">RTC_WKUP_IRQHandler</a> from startup_stm32h750xx.o(.text) referenced from startup_stm32h750xx.o(RESET)
 <LI><a href="#[27]">Reset_Handler</a> from startup_stm32h750xx.o(.text) referenced from startup_stm32h750xx.o(RESET)
 <LI><a href="#[83]">SAI1_IRQHandler</a> from startup_stm32h750xx.o(.text) referenced from startup_stm32h750xx.o(RESET)
 <LI><a href="#[87]">SAI2_IRQHandler</a> from startup_stm32h750xx.o(.text) referenced from startup_stm32h750xx.o(RESET)
 <LI><a href="#[9e]">SAI3_IRQHandler</a> from startup_stm32h750xx.o(.text) referenced from startup_stm32h750xx.o(RESET)
 <LI><a href="#[bb]">SAI4_IRQHandler</a> from startup_stm32h750xx.o(.text) referenced from startup_stm32h750xx.o(RESET)
 <LI><a href="#[61]">SDMMC1_IRQHandler</a> from startup_stm32h750xx.o(.text) referenced from startup_stm32h750xx.o(RESET)
 <LI><a href="#[a7]">SDMMC2_IRQHandler</a> from stm32h7xx_it.o(.text.SDMMC2_IRQHandler) referenced from startup_stm32h750xx.o(RESET)
 <LI><a href="#[8d]">SPDIF_RX_IRQHandler</a> from startup_stm32h750xx.o(.text) referenced from startup_stm32h750xx.o(RESET)
 <LI><a href="#[54]">SPI1_IRQHandler</a> from startup_stm32h750xx.o(.text) referenced from startup_stm32h750xx.o(RESET)
 <LI><a href="#[55]">SPI2_IRQHandler</a> from startup_stm32h750xx.o(.text) referenced from startup_stm32h750xx.o(RESET)
 <LI><a href="#[63]">SPI3_IRQHandler</a> from startup_stm32h750xx.o(.text) referenced from startup_stm32h750xx.o(RESET)
 <LI><a href="#[80]">SPI4_IRQHandler</a> from startup_stm32h750xx.o(.text) referenced from startup_stm32h750xx.o(RESET)
 <LI><a href="#[81]">SPI5_IRQHandler</a> from startup_stm32h750xx.o(.text) referenced from startup_stm32h750xx.o(RESET)
 <LI><a href="#[82]">SPI6_IRQHandler</a> from startup_stm32h750xx.o(.text) referenced from startup_stm32h750xx.o(RESET)
 <LI><a href="#[1c]">STORAGE_GetCapacity_FS</a> from usbd_storage_if.o(.text.STORAGE_GetCapacity_FS) referenced 2 times from usbd_storage_if.o(.data.USBD_Storage_Interface_fops_FS)
 <LI><a href="#[21]">STORAGE_GetMaxLun_FS</a> from usbd_storage_if.o(.text.STORAGE_GetMaxLun_FS) referenced 2 times from usbd_storage_if.o(.data.USBD_Storage_Interface_fops_FS)
 <LI><a href="#[1b]">STORAGE_Init_FS</a> from usbd_storage_if.o(.text.STORAGE_Init_FS) referenced 2 times from usbd_storage_if.o(.data.USBD_Storage_Interface_fops_FS)
 <LI><a href="#[1d]">STORAGE_IsReady_FS</a> from usbd_storage_if.o(.text.STORAGE_IsReady_FS) referenced 2 times from usbd_storage_if.o(.data.USBD_Storage_Interface_fops_FS)
 <LI><a href="#[1e]">STORAGE_IsWriteProtected_FS</a> from usbd_storage_if.o(.text.STORAGE_IsWriteProtected_FS) referenced 2 times from usbd_storage_if.o(.data.USBD_Storage_Interface_fops_FS)
 <LI><a href="#[1f]">STORAGE_Read_FS</a> from usbd_storage_if.o(.text.STORAGE_Read_FS) referenced 2 times from usbd_storage_if.o(.data.USBD_Storage_Interface_fops_FS)
 <LI><a href="#[20]">STORAGE_Write_FS</a> from usbd_storage_if.o(.text.STORAGE_Write_FS) referenced 2 times from usbd_storage_if.o(.data.USBD_Storage_Interface_fops_FS)
 <LI><a href="#[2d]">SVC_Handler</a> from port.o(.text.SVC_Handler) referenced from startup_stm32h750xx.o(RESET)
 <LI><a href="#[9f]">SWPMI1_IRQHandler</a> from startup_stm32h750xx.o(.text) referenced from startup_stm32h750xx.o(RESET)
 <LI><a href="#[143]">StartDefaultTask</a> from user_1.o(.text.StartDefaultTask) referenced from freertos.o(.rodata.MX_FREERTOS_Init.os_thread_def_defaultTask)
 <LI><a href="#[30]">SysTick_Handler</a> from stm32h7xx_it.o(.text.SysTick_Handler) referenced from startup_stm32h750xx.o(RESET)
 <LI><a href="#[be]">SystemInit</a> from system_stm32h7xx.o(.text.SystemInit) referenced from startup_stm32h750xx.o(.text)
 <LI><a href="#[33]">TAMP_STAMP_IRQHandler</a> from startup_stm32h750xx.o(.text) referenced from startup_stm32h750xx.o(RESET)
 <LI><a href="#[a0]">TIM15_IRQHandler</a> from startup_stm32h750xx.o(.text) referenced from startup_stm32h750xx.o(RESET)
 <LI><a href="#[a1]">TIM16_IRQHandler</a> from startup_stm32h750xx.o(.text) referenced from startup_stm32h750xx.o(RESET)
 <LI><a href="#[a2]">TIM17_IRQHandler</a> from startup_stm32h750xx.o(.text) referenced from startup_stm32h750xx.o(RESET)
 <LI><a href="#[49]">TIM1_BRK_IRQHandler</a> from startup_stm32h750xx.o(.text) referenced from startup_stm32h750xx.o(RESET)
 <LI><a href="#[4c]">TIM1_CC_IRQHandler</a> from startup_stm32h750xx.o(.text) referenced from startup_stm32h750xx.o(RESET)
 <LI><a href="#[4b]">TIM1_TRG_COM_IRQHandler</a> from startup_stm32h750xx.o(.text) referenced from startup_stm32h750xx.o(RESET)
 <LI><a href="#[4a]">TIM1_UP_IRQHandler</a> from startup_stm32h750xx.o(.text) referenced from startup_stm32h750xx.o(RESET)
 <LI><a href="#[4d]">TIM2_IRQHandler</a> from startup_stm32h750xx.o(.text) referenced from startup_stm32h750xx.o(RESET)
 <LI><a href="#[4e]">TIM3_IRQHandler</a> from startup_stm32h750xx.o(.text) referenced from startup_stm32h750xx.o(RESET)
 <LI><a href="#[4f]">TIM4_IRQHandler</a> from startup_stm32h750xx.o(.text) referenced from startup_stm32h750xx.o(RESET)
 <LI><a href="#[62]">TIM5_IRQHandler</a> from startup_stm32h750xx.o(.text) referenced from startup_stm32h750xx.o(RESET)
 <LI><a href="#[66]">TIM6_DAC_IRQHandler</a> from startup_stm32h750xx.o(.text) referenced from startup_stm32h750xx.o(RESET)
 <LI><a href="#[67]">TIM7_IRQHandler</a> from startup_stm32h750xx.o(.text) referenced from startup_stm32h750xx.o(RESET)
 <LI><a href="#[5b]">TIM8_BRK_TIM12_IRQHandler</a> from startup_stm32h750xx.o(.text) referenced from startup_stm32h750xx.o(RESET)
 <LI><a href="#[5e]">TIM8_CC_IRQHandler</a> from startup_stm32h750xx.o(.text) referenced from startup_stm32h750xx.o(RESET)
 <LI><a href="#[5d]">TIM8_TRG_COM_TIM14_IRQHandler</a> from startup_stm32h750xx.o(.text) referenced from startup_stm32h750xx.o(RESET)
 <LI><a href="#[5c]">TIM8_UP_TIM13_IRQHandler</a> from startup_stm32h750xx.o(.text) referenced from startup_stm32h750xx.o(RESET)
 <LI><a href="#[64]">UART4_IRQHandler</a> from startup_stm32h750xx.o(.text) referenced from startup_stm32h750xx.o(RESET)
 <LI><a href="#[65]">UART5_IRQHandler</a> from startup_stm32h750xx.o(.text) referenced from startup_stm32h750xx.o(RESET)
 <LI><a href="#[7e]">UART7_IRQHandler</a> from startup_stm32h750xx.o(.text) referenced from startup_stm32h750xx.o(RESET)
 <LI><a href="#[7f]">UART8_IRQHandler</a> from startup_stm32h750xx.o(.text) referenced from startup_stm32h750xx.o(RESET)
 <LI><a href="#[d2]">UART_DMAAbortOnError</a> from stm32h7xx_hal_uart.o(.text.UART_DMAAbortOnError) referenced 2 times from stm32h7xx_hal_uart.o(.text.HAL_UART_IRQHandler)
 <LI><a href="#[d5]">UART_DMAError</a> from stm32h7xx_hal_uart.o(.text.UART_DMAError) referenced 2 times from stm32h7xx_hal_uart.o(.text.HAL_UART_Receive_DMA)
 <LI><a href="#[d4]">UART_DMAReceiveCplt</a> from stm32h7xx_hal_uart.o(.text.UART_DMAReceiveCplt) referenced 2 times from stm32h7xx_hal_uart.o(.text.HAL_UART_Receive_DMA)
 <LI><a href="#[d3]">UART_DMARxHalfCplt</a> from stm32h7xx_hal_uart.o(.text.UART_DMARxHalfCplt) referenced 2 times from stm32h7xx_hal_uart.o(.text.HAL_UART_Receive_DMA)
 <LI><a href="#[56]">USART1_IRQHandler</a> from stm32h7xx_it.o(.text.USART1_IRQHandler) referenced from startup_stm32h750xx.o(RESET)
 <LI><a href="#[57]">USART2_IRQHandler</a> from startup_stm32h750xx.o(.text) referenced from startup_stm32h750xx.o(RESET)
 <LI><a href="#[58]">USART3_IRQHandler</a> from startup_stm32h750xx.o(.text) referenced from startup_stm32h750xx.o(RESET)
 <LI><a href="#[73]">USART6_IRQHandler</a> from startup_stm32h750xx.o(.text) referenced from startup_stm32h750xx.o(RESET)
 <LI><a href="#[b]">USBD_FS_ConfigStrDescriptor</a> from usbd_desc.o(.text.USBD_FS_ConfigStrDescriptor) referenced 2 times from usbd_desc.o(.data.FS_Desc)
 <LI><a href="#[6]">USBD_FS_DeviceDescriptor</a> from usbd_desc.o(.text.USBD_FS_DeviceDescriptor) referenced 2 times from usbd_desc.o(.data.FS_Desc)
 <LI><a href="#[c]">USBD_FS_InterfaceStrDescriptor</a> from usbd_desc.o(.text.USBD_FS_InterfaceStrDescriptor) referenced 2 times from usbd_desc.o(.data.FS_Desc)
 <LI><a href="#[7]">USBD_FS_LangIDStrDescriptor</a> from usbd_desc.o(.text.USBD_FS_LangIDStrDescriptor) referenced 2 times from usbd_desc.o(.data.FS_Desc)
 <LI><a href="#[8]">USBD_FS_ManufacturerStrDescriptor</a> from usbd_desc.o(.text.USBD_FS_ManufacturerStrDescriptor) referenced 2 times from usbd_desc.o(.data.FS_Desc)
 <LI><a href="#[9]">USBD_FS_ProductStrDescriptor</a> from usbd_desc.o(.text.USBD_FS_ProductStrDescriptor) referenced 2 times from usbd_desc.o(.data.FS_Desc)
 <LI><a href="#[a]">USBD_FS_SerialStrDescriptor</a> from usbd_desc.o(.text.USBD_FS_SerialStrDescriptor) referenced 2 times from usbd_desc.o(.data.FS_Desc)
 <LI><a href="#[11]">USBD_MC_DataIn</a> from usbd_cdc_msc.o(.text.USBD_MC_DataIn) referenced 2 times from usbd_cdc_msc.o(.data.USBD_COMPOSITE)
 <LI><a href="#[12]">USBD_MC_DataOut</a> from usbd_cdc_msc.o(.text.USBD_MC_DataOut) referenced 2 times from usbd_cdc_msc.o(.data.USBD_COMPOSITE)
 <LI><a href="#[e]">USBD_MC_DeInit</a> from usbd_cdc_msc.o(.text.USBD_MC_DeInit) referenced 2 times from usbd_cdc_msc.o(.data.USBD_COMPOSITE)
 <LI><a href="#[16]">USBD_MC_GetDeviceQualifierDescriptor</a> from usbd_cdc_msc.o(.text.USBD_MC_GetDeviceQualifierDescriptor) referenced 2 times from usbd_cdc_msc.o(.data.USBD_COMPOSITE)
 <LI><a href="#[14]">USBD_MC_GetFSCfgDesc</a> from usbd_cdc_msc.o(.text.USBD_MC_GetFSCfgDesc) referenced 2 times from usbd_cdc_msc.o(.data.USBD_COMPOSITE)
 <LI><a href="#[13]">USBD_MC_GetHSCfgDesc</a> from usbd_cdc_msc.o(.text.USBD_MC_GetHSCfgDesc) referenced 2 times from usbd_cdc_msc.o(.data.USBD_COMPOSITE)
 <LI><a href="#[15]">USBD_MC_GetOtherSpeedCfgDesc</a> from usbd_cdc_msc.o(.text.USBD_MC_GetOtherSpeedCfgDesc) referenced 2 times from usbd_cdc_msc.o(.data.USBD_COMPOSITE)
 <LI><a href="#[d]">USBD_MC_Init</a> from usbd_cdc_msc.o(.text.USBD_MC_Init) referenced 2 times from usbd_cdc_msc.o(.data.USBD_COMPOSITE)
 <LI><a href="#[10]">USBD_MC_RxReady</a> from usbd_cdc_msc.o(.text.USBD_MC_RxReady) referenced 2 times from usbd_cdc_msc.o(.data.USBD_COMPOSITE)
 <LI><a href="#[f]">USBD_MC_Setup</a> from usbd_cdc_msc.o(.text.USBD_MC_Setup) referenced 2 times from usbd_cdc_msc.o(.data.USBD_COMPOSITE)
 <LI><a href="#[22]">USER_initialize</a> from user_diskio.o(.text.USER_initialize) referenced 2 times from user_diskio.o(.data.USER_Driver)
 <LI><a href="#[26]">USER_ioctl</a> from user_diskio.o(.text.USER_ioctl) referenced 2 times from user_diskio.o(.data.USER_Driver)
 <LI><a href="#[24]">USER_read</a> from user_diskio.o(.text.USER_read) referenced 2 times from user_diskio.o(.data.USER_Driver)
 <LI><a href="#[23]">USER_status</a> from user_diskio.o(.text.USER_status) referenced 2 times from user_diskio.o(.data.USER_Driver)
 <LI><a href="#[25]">USER_write</a> from user_diskio.o(.text.USER_write) referenced 2 times from user_diskio.o(.data.USER_Driver)
 <LI><a href="#[2c]">UsageFault_Handler</a> from stm32h7xx_it.o(.text.UsageFault_Handler) referenced from startup_stm32h750xx.o(RESET)
 <LI><a href="#[bc]">WAKEUP_PIN_IRQHandler</a> from startup_stm32h750xx.o(.text) referenced from startup_stm32h750xx.o(RESET)
 <LI><a href="#[31]">WWDG_IRQHandler</a> from startup_stm32h750xx.o(.text) referenced from startup_stm32h750xx.o(RESET)
 <LI><a href="#[12f]">_CalcSizeOfChar</a> from GUI_UC_EncodeNone.o(.text._CalcSizeOfChar) referenced from GUI_UC_EncodeNone.o(.rodata)
 <LI><a href="#[fd]">_Color2IndexBulk</a> from GUICC_M565.o(.text._Color2IndexBulk) referenced from GUICC_M565.o(.rodata)
 <LI><a href="#[134]">_Color2Index_0</a> from GUICC_0.o(.text._Color2Index_0) referenced from GUICC_0.o(.rodata)
 <LI><a href="#[fa]">_Color2Index_M565</a> from GUICC_M565.o(.text._Color2Index_M565) referenced from GUICC_M565.o(.rodata)
 <LI><a href="#[111]">_DrawBitmap</a> from GUIDRV_FlexColor.o(.text._DrawBitmap) referenced 2 times from GUIDRV_FlexColor.o(.rodata)
 <LI><a href="#[137]">_DrawBitmap</a> from guidrv_template_st7789.o(.text._DrawBitmap) referenced from guidrv_template_st7789.o(.rodata.GUIDRV_Template_API)
 <LI><a href="#[c9]">_DrawBitmap</a> from GUIDRV_FlexColor_16bpp_C0B8.o(.text._DrawBitmap) referenced from GUIDRV_FlexColor_16bpp_C0B8.o(.text.GUIDRV_FlexColor_SetMode16bppC0B8)
 <LI><a href="#[112]">_DrawHLine</a> from GUIDRV_FlexColor.o(.text._DrawHLine) referenced 2 times from GUIDRV_FlexColor.o(.rodata)
 <LI><a href="#[138]">_DrawHLine</a> from guidrv_template_st7789.o(.text._DrawHLine) referenced from guidrv_template_st7789.o(.rodata.GUIDRV_Template_API)
 <LI><a href="#[113]">_DrawVLine</a> from GUIDRV_FlexColor.o(.text._DrawVLine) referenced 2 times from GUIDRV_FlexColor.o(.rodata)
 <LI><a href="#[139]">_DrawVLine</a> from guidrv_template_st7789.o(.text._DrawVLine) referenced from guidrv_template_st7789.o(.rodata.GUIDRV_Template_API)
 <LI><a href="#[130]">_Encode</a> from GUI_UC_EncodeNone.o(.text._Encode) referenced from GUI_UC_EncodeNone.o(.rodata)
 <LI><a href="#[114]">_FillRect</a> from GUIDRV_FlexColor.o(.text._FillRect) referenced 2 times from GUIDRV_FlexColor.o(.rodata)
 <LI><a href="#[13a]">_FillRect</a> from guidrv_template_st7789.o(.text._FillRect) referenced from guidrv_template_st7789.o(.rodata.GUIDRV_Template_API)
 <LI><a href="#[ca]">_FillRect</a> from GUIDRV_FlexColor_16bpp_C0B8.o(.text._FillRect) referenced from GUIDRV_FlexColor_16bpp_C0B8.o(.text.GUIDRV_FlexColor_SetMode16bppC0B8)
 <LI><a href="#[12d]">_GetCharCode</a> from GUI_UC_EncodeNone.o(.text._GetCharCode) referenced from GUI_UC_EncodeNone.o(.rodata)
 <LI><a href="#[12e]">_GetCharSize</a> from GUI_UC_EncodeNone.o(.text._GetCharSize) referenced from GUI_UC_EncodeNone.o(.rodata)
 <LI><a href="#[11b]">_GetDevData</a> from GUIDRV_FlexColor.o(.text._GetDevData) referenced 2 times from GUIDRV_FlexColor.o(.rodata)
 <LI><a href="#[141]">_GetDevData</a> from guidrv_template_st7789.o(.text._GetDevData) referenced from guidrv_template_st7789.o(.rodata.GUIDRV_Template_API)
 <LI><a href="#[119]">_GetDevFunc</a> from GUIDRV_FlexColor.o(.text._GetDevFunc) referenced 2 times from GUIDRV_FlexColor.o(.rodata)
 <LI><a href="#[13f]">_GetDevFunc</a> from guidrv_template_st7789.o(.text._GetDevFunc) referenced from guidrv_template_st7789.o(.rodata.GUIDRV_Template_API)
 <LI><a href="#[ec]">_GetDevFunc_Init</a> from GUIDRV_FlexColor.o(.text._GetDevFunc_Init) referenced from GUIDRV_FlexColor.o(.text._GetDevFunc)
 <LI><a href="#[e7]">_GetDevFunc_Off</a> from GUIDRV_FlexColor.o(.text._GetDevFunc_Off) referenced from GUIDRV_FlexColor.o(.text._GetDevFunc)
 <LI><a href="#[e6]">_GetDevFunc_On</a> from GUIDRV_FlexColor.o(.text._GetDevFunc_On) referenced from GUIDRV_FlexColor.o(.text._GetDevFunc)
 <LI><a href="#[ee]">_GetDevFunc_SetRect</a> from GUIDRV_FlexColor.o(.text._GetDevFunc_SetRect) referenced from GUIDRV_FlexColor.o(.text._GetDevFunc_SetRectOutside)
 <LI><a href="#[e9]">_GetDevFunc_SetRectOutside</a> from GUIDRV_FlexColor.o(.text._GetDevFunc_SetRectOutside) referenced from GUIDRV_FlexColor.o(.text._GetDevFunc)
 <LI><a href="#[eb]">_GetDevFunc_SetSize</a> from GUIDRV_FlexColor.o(.text._GetDevFunc_SetSize) referenced from GUIDRV_FlexColor.o(.text._GetDevFunc)
 <LI><a href="#[ea]">_GetDevFunc_SetVSize</a> from GUIDRV_FlexColor.o(.text._GetDevFunc_SetVSize) referenced from GUIDRV_FlexColor.o(.text._GetDevFunc)
 <LI><a href="#[11a]">_GetDevProp</a> from GUIDRV_FlexColor.o(.text._GetDevProp) referenced 2 times from GUIDRV_FlexColor.o(.rodata)
 <LI><a href="#[140]">_GetDevProp</a> from guidrv_template_st7789.o(.text._GetDevProp) referenced from guidrv_template_st7789.o(.rodata.GUIDRV_Template_API)
 <LI><a href="#[136]">_GetIndexMask_0</a> from GUICC_0.o(.text._GetIndexMask_0) referenced from GUICC_0.o(.rodata)
 <LI><a href="#[fc]">_GetIndexMask_M565</a> from GUICC_M565.o(.text._GetIndexMask_M565) referenced from GUICC_M565.o(.rodata)
 <LI><a href="#[115]">_GetPixelIndex</a> from GUIDRV_FlexColor.o(.text._GetPixelIndex) referenced 2 times from GUIDRV_FlexColor.o(.rodata)
 <LI><a href="#[13b]">_GetPixelIndex</a> from guidrv_template_st7789.o(.text._GetPixelIndex) referenced from guidrv_template_st7789.o(.rodata.GUIDRV_Template_API)
 <LI><a href="#[11c]">_GetRect</a> from GUIDRV_FlexColor.o(.text._GetRect) referenced 2 times from GUIDRV_FlexColor.o(.rodata)
 <LI><a href="#[142]">_GetRect</a> from guidrv_template_st7789.o(.text._GetRect) referenced from guidrv_template_st7789.o(.rodata.GUIDRV_Template_API)
 <LI><a href="#[fe]">_Index2ColorBulk</a> from GUICC_M565.o(.text._Index2ColorBulk) referenced from GUICC_M565.o(.rodata)
 <LI><a href="#[135]">_Index2Color_0</a> from GUICC_0.o(.text._Index2Color_0) referenced from GUICC_0.o(.rodata)
 <LI><a href="#[e2]">_Init</a> from guidrv_template_st7789.o(.text._Init) referenced 2 times from guidrv_template_st7789.o(.text._GetDevFunc)
 <LI><a href="#[101]">_Log2PhysX_X0Y0S0</a> from GUIDRV_FlexColor.o(.text._Log2PhysX_X0Y0S0) referenced from GUIDRV_FlexColor.o(.rodata)
 <LI><a href="#[105]">_Log2PhysX_X0Y0S1</a> from GUIDRV_FlexColor.o(.text._Log2PhysX_X0Y0S1) referenced from GUIDRV_FlexColor.o(.rodata)
 <LI><a href="#[103]">_Log2PhysX_X0Y1S0</a> from GUIDRV_FlexColor.o(.text._Log2PhysX_X0Y1S0) referenced from GUIDRV_FlexColor.o(.rodata)
 <LI><a href="#[107]">_Log2PhysX_X0Y1S1</a> from GUIDRV_FlexColor.o(.text._Log2PhysX_X0Y1S1) referenced from GUIDRV_FlexColor.o(.rodata)
 <LI><a href="#[102]">_Log2PhysX_X1Y0S0</a> from GUIDRV_FlexColor.o(.text._Log2PhysX_X1Y0S0) referenced from GUIDRV_FlexColor.o(.rodata)
 <LI><a href="#[106]">_Log2PhysX_X1Y0S1</a> from GUIDRV_FlexColor.o(.text._Log2PhysX_X1Y0S1) referenced from GUIDRV_FlexColor.o(.rodata)
 <LI><a href="#[104]">_Log2PhysX_X1Y1S0</a> from GUIDRV_FlexColor.o(.text._Log2PhysX_X1Y1S0) referenced from GUIDRV_FlexColor.o(.rodata)
 <LI><a href="#[108]">_Log2PhysX_X1Y1S1</a> from GUIDRV_FlexColor.o(.text._Log2PhysX_X1Y1S1) referenced from GUIDRV_FlexColor.o(.rodata)
 <LI><a href="#[109]">_Log2PhysY_X0Y0S0</a> from GUIDRV_FlexColor.o(.text._Log2PhysY_X0Y0S0) referenced from GUIDRV_FlexColor.o(.rodata)
 <LI><a href="#[10d]">_Log2PhysY_X0Y0S1</a> from GUIDRV_FlexColor.o(.text._Log2PhysY_X0Y0S1) referenced from GUIDRV_FlexColor.o(.rodata)
 <LI><a href="#[10b]">_Log2PhysY_X0Y1S0</a> from GUIDRV_FlexColor.o(.text._Log2PhysY_X0Y1S0) referenced from GUIDRV_FlexColor.o(.rodata)
 <LI><a href="#[10f]">_Log2PhysY_X0Y1S1</a> from GUIDRV_FlexColor.o(.text._Log2PhysY_X0Y1S1) referenced from GUIDRV_FlexColor.o(.rodata)
 <LI><a href="#[10a]">_Log2PhysY_X1Y0S0</a> from GUIDRV_FlexColor.o(.text._Log2PhysY_X1Y0S0) referenced from GUIDRV_FlexColor.o(.rodata)
 <LI><a href="#[10e]">_Log2PhysY_X1Y0S1</a> from GUIDRV_FlexColor.o(.text._Log2PhysY_X1Y0S1) referenced from GUIDRV_FlexColor.o(.rodata)
 <LI><a href="#[10c]">_Log2PhysY_X1Y1S0</a> from GUIDRV_FlexColor.o(.text._Log2PhysY_X1Y1S0) referenced from GUIDRV_FlexColor.o(.rodata)
 <LI><a href="#[110]">_Log2PhysY_X1Y1S1</a> from GUIDRV_FlexColor.o(.text._Log2PhysY_X1Y1S1) referenced from GUIDRV_FlexColor.o(.rodata)
 <LI><a href="#[5]">_Log2VisBuffered</a> from GUI_CharLine.o(.text._Log2VisBuffered) referenced 2 times from GUI_CharLine.o(.data)
 <LI><a href="#[e3]">_Off</a> from guidrv_template_st7789.o(.text._Off) referenced 2 times from guidrv_template_st7789.o(.text._GetDevFunc)
 <LI><a href="#[e5]">_On</a> from guidrv_template_st7789.o(.text._On) referenced 2 times from guidrv_template_st7789.o(.text._GetDevFunc)
 <LI><a href="#[cf]">_OnExit</a> from GUI_Task.o(.text._OnExit) referenced from GUI_Task.o(.text.GUITASK_Init)
 <LI><a href="#[d0]">_OnExit</a> from GUI_Core.o(.text._OnExit) referenced from GUI_Core.o(.text.GUI__Config)
 <LI><a href="#[d6]">_OnExit</a> from LCD_Color.o(.text._OnExit) referenced from LCD_Color.o(.text.LCD_InitColors)
 <LI><a href="#[de]">_OnExit</a> from WM.o(.text._OnExit) referenced from WM.o(.text.WM_Init)
 <LI><a href="#[ce]">_ReadData</a> from GUIDRV_FlexColor_16bpp_C0B8.o(.text._ReadData) referenced from GUIDRV_FlexColor_16bpp_C0B8.o(.text.GUIDRV_FlexColor_SetMode16bppC0B8)
 <LI><a href="#[f0]">_ReadPixelCust_16bpp</a> from GUIDRV_FlexColor.o(.text._ReadPixelCust_16bpp) referenced from GUIDRV_FlexColor.o(.text._SetDevFunc)
 <LI><a href="#[f1]">_ReadPixelCust_18bpp</a> from GUIDRV_FlexColor.o(.text._ReadPixelCust_18bpp) referenced from GUIDRV_FlexColor.o(.text._SetDevFunc)
 <LI><a href="#[1]">_ReadPixel_16bpp_B16_I</a> from GUIDRV_FlexColor_Func66720.o(.text._ReadPixel_16bpp_B16_I) referenced 2 times from GUIDRV_FlexColor_Func66720.o(.data)
 <LI><a href="#[c3]">_ReadPixel_16bpp_B8</a> from GUIDRV_FlexColor_Func66720.o(.text._ReadPixel_16bpp_B8) referenced from GUIDRV_FlexColor_Func66720.o(.text.GUIDRV_FlexColor_SetFunc66720)
 <LI><a href="#[c5]">_ReadPixel_32bpp_B8</a> from GUIDRV_FlexColor_Func66720.o(.text._ReadPixel_32bpp_B8) referenced from GUIDRV_FlexColor_Func66720.o(.text.GUIDRV_FlexColor_SetFunc66720)
 <LI><a href="#[ef]">_ReadRectCust_16bpp</a> from GUIDRV_FlexColor.o(.text._ReadRectCust_16bpp) referenced from GUIDRV_FlexColor.o(.text._SetDevFunc)
 <LI><a href="#[f2]">_ReadRectCust_18bpp</a> from GUIDRV_FlexColor.o(.text._ReadRectCust_18bpp) referenced from GUIDRV_FlexColor.o(.text._SetDevFunc)
 <LI><a href="#[2]">_ReadRect_16bpp_B16_I</a> from GUIDRV_FlexColor_Func66720.o(.text._ReadRect_16bpp_B16_I) referenced 2 times from GUIDRV_FlexColor_Func66720.o(.data)
 <LI><a href="#[c6]">_ReadRect_16bpp_B8</a> from GUIDRV_FlexColor_Func66720.o(.text._ReadRect_16bpp_B8) referenced from GUIDRV_FlexColor_Func66720.o(.text.GUIDRV_FlexColor_SetFunc66720)
 <LI><a href="#[c7]">_ReadRect_32bpp_B8</a> from GUIDRV_FlexColor_Func66720.o(.text._ReadRect_32bpp_B8) referenced from GUIDRV_FlexColor_Func66720.o(.text.GUIDRV_FlexColor_SetFunc66720)
 <LI><a href="#[132]">_SetBkColor</a> from LCD.o(.text._SetBkColor) referenced from LCD.o(.rodata)
 <LI><a href="#[131]">_SetColor</a> from LCD.o(.text._SetColor) referenced from LCD.o(.rodata)
 <LI><a href="#[e8]">_SetDevFunc</a> from GUIDRV_FlexColor.o(.text._SetDevFunc) referenced from GUIDRV_FlexColor.o(.text._GetDevFunc)
 <LI><a href="#[133]">_SetDrawMode</a> from LCD.o(.text._SetDrawMode) referenced from LCD.o(.rodata)
 <LI><a href="#[c8]">_SetInterface</a> from GUIDRV_FlexColor_Func66720.o(.text._SetInterface) referenced from GUIDRV_FlexColor_Func66720.o(.text.GUIDRV_FlexColor_SetFunc66720)
 <LI><a href="#[e4]">_SetLUTEntry</a> from guidrv_template_st7789.o(.text._SetLUTEntry) referenced 2 times from guidrv_template_st7789.o(.text._GetDevFunc)
 <LI><a href="#[118]">_SetOrg</a> from GUIDRV_FlexColor.o(.text._SetOrg) referenced 2 times from GUIDRV_FlexColor.o(.rodata)
 <LI><a href="#[13e]">_SetOrg</a> from guidrv_template_st7789.o(.text._SetOrg) referenced from guidrv_template_st7789.o(.rodata.GUIDRV_Template_API)
 <LI><a href="#[c2]">_SetOrientation</a> from GUIDRV_FlexColor_Func66720.o(.text._SetOrientation) referenced from GUIDRV_FlexColor_Func66720.o(.text.GUIDRV_FlexColor_SetFunc66720)
 <LI><a href="#[c1]">_SetPhysRAMAddr</a> from GUIDRV_FlexColor_Func66720.o(.text._SetPhysRAMAddr) referenced from GUIDRV_FlexColor_Func66720.o(.text.GUIDRV_FlexColor_SetFunc66720)
 <LI><a href="#[116]">_SetPixelIndex</a> from GUIDRV_FlexColor.o(.text._SetPixelIndex) referenced 2 times from GUIDRV_FlexColor.o(.rodata)
 <LI><a href="#[13c]">_SetPixelIndex</a> from guidrv_template_st7789.o(.text._SetPixelIndex) referenced from guidrv_template_st7789.o(.rodata.GUIDRV_Template_API)
 <LI><a href="#[c4]">_SetRect</a> from GUIDRV_FlexColor_Func66720.o(.text._SetRect) referenced from GUIDRV_FlexColor_Func66720.o(.text.GUIDRV_FlexColor_SetFunc66720)
 <LI><a href="#[f3]">_SetReg_B16</a> from GUIDRV_FlexColor_Func66720.o(.text._SetReg_B16) referenced from GUIDRV_FlexColor_Func66720.o(.text._SetInterface)
 <LI><a href="#[f5]">_SetReg_B8</a> from GUIDRV_FlexColor_Func66720.o(.text._SetReg_B8) referenced from GUIDRV_FlexColor_Func66720.o(.text._SetInterface)
 <LI><a href="#[e1]">_SetSize</a> from guidrv_template_st7789.o(.text._SetSize) referenced 2 times from guidrv_template_st7789.o(.text._GetDevFunc)
 <LI><a href="#[df]">_SetVRAMAddr</a> from guidrv_template_st7789.o(.text._SetVRAMAddr) referenced 2 times from guidrv_template_st7789.o(.text._GetDevFunc)
 <LI><a href="#[e0]">_SetVSize</a> from guidrv_template_st7789.o(.text._SetVSize) referenced 2 times from guidrv_template_st7789.o(.text._GetDevFunc)
 <LI><a href="#[cb]">_WriteData</a> from GUIDRV_FlexColor_16bpp_C0B8.o(.text._WriteData) referenced from GUIDRV_FlexColor_16bpp_C0B8.o(.text.GUIDRV_FlexColor_SetMode16bppC0B8)
 <LI><a href="#[f4]">_WritePara_B16</a> from GUIDRV_FlexColor_Func66720.o(.text._WritePara_B16) referenced from GUIDRV_FlexColor_Func66720.o(.text._SetInterface)
 <LI><a href="#[f6]">_WritePara_B8</a> from GUIDRV_FlexColor_Func66720.o(.text._WritePara_B8) referenced from GUIDRV_FlexColor_Func66720.o(.text._SetInterface)
 <LI><a href="#[117]">_XorPixel</a> from GUIDRV_FlexColor.o(.text._XorPixel) referenced 2 times from GUIDRV_FlexColor.o(.rodata)
 <LI><a href="#[13d]">_XorPixel</a> from guidrv_template_st7789.o(.text._XorPixel) referenced from guidrv_template_st7789.o(.rodata.GUIDRV_Template_API)
 <LI><a href="#[bf]">__main</a> from entry.o(.ARM.Collect$$$$00000000) referenced from startup_stm32h750xx.o(.text)
 <LI><a href="#[dd]">_cbBackWin</a> from WM.o(.text._cbBackWin) referenced from WM.o(.text.WM_Init)
 <LI><a href="#[144]">app_test_task</a> from app_test.o(.text.app_test_task) referenced from app_test.o(.rodata.app_test_start.os_thread_def_test_task)
 <LI><a href="#[bd]">main</a> from main.o(.text.main) referenced from entry9a.o(.ARM.Collect$$$$0000000B)
 <LI><a href="#[3]">memcpy</a> from memmove.o(.text) referenced 2 times from GUI__Private.o(.data)
 <LI><a href="#[4]">memset</a> from memseta.o(.text) referenced 2 times from GUI__Private.o(.data)
 <LI><a href="#[f8]">prvIdleTask</a> from tasks.o(.text.prvIdleTask) referenced 2 times from tasks.o(.text.vTaskStartScheduler)
 <LI><a href="#[f7]">prvTaskExitError</a> from port.o(.text.prvTaskExitError) referenced 2 times from port.o(.text.pxPortInitialiseStack)
 <LI><a href="#[f9]">prvTimerTask</a> from timers.o(.text.prvTimerTask) referenced 2 times from timers.o(.text.xTimerCreateTimerTask)
</UL>
<P>
<H3>
Global Symbols
</H3>
<P><STRONG><a name="[bf]"></a>__main</STRONG> (Thumb, 0 bytes, Stack size unknown bytes, entry.o(.ARM.Collect$$$$00000000))
<BR>[Address Reference Count : 1]<UL><LI> startup_stm32h750xx.o(.text)
</UL>
<P><STRONG><a name="[353]"></a>_main_stk</STRONG> (Thumb, 0 bytes, Stack size unknown bytes, entry2.o(.ARM.Collect$$$$00000001))

<P><STRONG><a name="[145]"></a>_main_scatterload</STRONG> (Thumb, 0 bytes, Stack size unknown bytes, entry5.o(.ARM.Collect$$$$00000004))
<BR><BR>[Calls]<UL><LI><a href="#[146]">&gt;&gt;</a>&nbsp;&nbsp;&nbsp;__scatterload
</UL>

<P><STRONG><a name="[14c]"></a>__main_after_scatterload</STRONG> (Thumb, 0 bytes, Stack size unknown bytes, entry5.o(.ARM.Collect$$$$00000004))
<BR><BR>[Called By]<UL><LI><a href="#[146]">&gt;&gt;</a>&nbsp;&nbsp;&nbsp;__scatterload
</UL>

<P><STRONG><a name="[354]"></a>_main_clock</STRONG> (Thumb, 0 bytes, Stack size unknown bytes, entry7b.o(.ARM.Collect$$$$00000008))

<P><STRONG><a name="[355]"></a>_main_cpp_init</STRONG> (Thumb, 0 bytes, Stack size unknown bytes, entry8b.o(.ARM.Collect$$$$0000000A))

<P><STRONG><a name="[356]"></a>_main_init</STRONG> (Thumb, 0 bytes, Stack size unknown bytes, entry9a.o(.ARM.Collect$$$$0000000B))

<P><STRONG><a name="[357]"></a>__rt_final_cpp</STRONG> (Thumb, 0 bytes, Stack size unknown bytes, entry10a.o(.ARM.Collect$$$$0000000D))

<P><STRONG><a name="[358]"></a>__rt_final_exit</STRONG> (Thumb, 0 bytes, Stack size unknown bytes, entry11a.o(.ARM.Collect$$$$0000000F))

<P><STRONG><a name="[27]"></a>Reset_Handler</STRONG> (Thumb, 8 bytes, Stack size 0 bytes, startup_stm32h750xx.o(.text))
<BR>[Address Reference Count : 1]<UL><LI> startup_stm32h750xx.o(RESET)
</UL>
<P><STRONG><a name="[a9]"></a>ADC3_IRQHandler</STRONG> (Thumb, 0 bytes, Stack size 0 bytes, startup_stm32h750xx.o(.text))
<BR><BR>[Calls]<UL><LI><a href="#[a9]">&gt;&gt;</a>&nbsp;&nbsp;&nbsp;ADC3_IRQHandler
</UL>
<BR>[Called By]<UL><LI><a href="#[a9]">&gt;&gt;</a>&nbsp;&nbsp;&nbsp;ADC3_IRQHandler
</UL>
<BR>[Address Reference Count : 1]<UL><LI> startup_stm32h750xx.o(RESET)
</UL>
<P><STRONG><a name="[43]"></a>ADC_IRQHandler</STRONG> (Thumb, 0 bytes, Stack size 0 bytes, startup_stm32h750xx.o(.text))
<BR>[Address Reference Count : 1]<UL><LI> startup_stm32h750xx.o(RESET)
</UL>
<P><STRONG><a name="[ab]"></a>BDMA_Channel0_IRQHandler</STRONG> (Thumb, 0 bytes, Stack size 0 bytes, startup_stm32h750xx.o(.text))
<BR>[Address Reference Count : 1]<UL><LI> startup_stm32h750xx.o(RESET)
</UL>
<P><STRONG><a name="[ac]"></a>BDMA_Channel1_IRQHandler</STRONG> (Thumb, 0 bytes, Stack size 0 bytes, startup_stm32h750xx.o(.text))
<BR>[Address Reference Count : 1]<UL><LI> startup_stm32h750xx.o(RESET)
</UL>
<P><STRONG><a name="[ad]"></a>BDMA_Channel2_IRQHandler</STRONG> (Thumb, 0 bytes, Stack size 0 bytes, startup_stm32h750xx.o(.text))
<BR>[Address Reference Count : 1]<UL><LI> startup_stm32h750xx.o(RESET)
</UL>
<P><STRONG><a name="[ae]"></a>BDMA_Channel3_IRQHandler</STRONG> (Thumb, 0 bytes, Stack size 0 bytes, startup_stm32h750xx.o(.text))
<BR>[Address Reference Count : 1]<UL><LI> startup_stm32h750xx.o(RESET)
</UL>
<P><STRONG><a name="[af]"></a>BDMA_Channel4_IRQHandler</STRONG> (Thumb, 0 bytes, Stack size 0 bytes, startup_stm32h750xx.o(.text))
<BR>[Address Reference Count : 1]<UL><LI> startup_stm32h750xx.o(RESET)
</UL>
<P><STRONG><a name="[b0]"></a>BDMA_Channel5_IRQHandler</STRONG> (Thumb, 0 bytes, Stack size 0 bytes, startup_stm32h750xx.o(.text))
<BR>[Address Reference Count : 1]<UL><LI> startup_stm32h750xx.o(RESET)
</UL>
<P><STRONG><a name="[b1]"></a>BDMA_Channel6_IRQHandler</STRONG> (Thumb, 0 bytes, Stack size 0 bytes, startup_stm32h750xx.o(.text))
<BR>[Address Reference Count : 1]<UL><LI> startup_stm32h750xx.o(RESET)
</UL>
<P><STRONG><a name="[b2]"></a>BDMA_Channel7_IRQHandler</STRONG> (Thumb, 0 bytes, Stack size 0 bytes, startup_stm32h750xx.o(.text))
<BR>[Address Reference Count : 1]<UL><LI> startup_stm32h750xx.o(RESET)
</UL>
<P><STRONG><a name="[8a]"></a>CEC_IRQHandler</STRONG> (Thumb, 0 bytes, Stack size 0 bytes, startup_stm32h750xx.o(.text))
<BR>[Address Reference Count : 1]<UL><LI> startup_stm32h750xx.o(RESET)
</UL>
<P><STRONG><a name="[b3]"></a>COMP1_IRQHandler</STRONG> (Thumb, 0 bytes, Stack size 0 bytes, startup_stm32h750xx.o(.text))
<BR>[Address Reference Count : 1]<UL><LI> startup_stm32h750xx.o(RESET)
</UL>
<P><STRONG><a name="[b9]"></a>CRS_IRQHandler</STRONG> (Thumb, 0 bytes, Stack size 0 bytes, startup_stm32h750xx.o(.text))
<BR>[Address Reference Count : 1]<UL><LI> startup_stm32h750xx.o(RESET)
</UL>
<P><STRONG><a name="[7b]"></a>CRYP_IRQHandler</STRONG> (Thumb, 0 bytes, Stack size 0 bytes, startup_stm32h750xx.o(.text))
<BR>[Address Reference Count : 1]<UL><LI> startup_stm32h750xx.o(RESET)
</UL>
<P><STRONG><a name="[7a]"></a>DCMI_IRQHandler</STRONG> (Thumb, 0 bytes, Stack size 0 bytes, startup_stm32h750xx.o(.text))
<BR>[Address Reference Count : 1]<UL><LI> startup_stm32h750xx.o(RESET)
</UL>
<P><STRONG><a name="[9a]"></a>DFSDM1_FLT0_IRQHandler</STRONG> (Thumb, 0 bytes, Stack size 0 bytes, startup_stm32h750xx.o(.text))
<BR>[Address Reference Count : 1]<UL><LI> startup_stm32h750xx.o(RESET)
</UL>
<P><STRONG><a name="[9b]"></a>DFSDM1_FLT1_IRQHandler</STRONG> (Thumb, 0 bytes, Stack size 0 bytes, startup_stm32h750xx.o(.text))
<BR>[Address Reference Count : 1]<UL><LI> startup_stm32h750xx.o(RESET)
</UL>
<P><STRONG><a name="[9c]"></a>DFSDM1_FLT2_IRQHandler</STRONG> (Thumb, 0 bytes, Stack size 0 bytes, startup_stm32h750xx.o(.text))
<BR>[Address Reference Count : 1]<UL><LI> startup_stm32h750xx.o(RESET)
</UL>
<P><STRONG><a name="[9d]"></a>DFSDM1_FLT3_IRQHandler</STRONG> (Thumb, 0 bytes, Stack size 0 bytes, startup_stm32h750xx.o(.text))
<BR>[Address Reference Count : 1]<UL><LI> startup_stm32h750xx.o(RESET)
</UL>
<P><STRONG><a name="[3e]"></a>DMA1_Stream2_IRQHandler</STRONG> (Thumb, 0 bytes, Stack size 0 bytes, startup_stm32h750xx.o(.text))
<BR>[Address Reference Count : 1]<UL><LI> startup_stm32h750xx.o(RESET)
</UL>
<P><STRONG><a name="[3f]"></a>DMA1_Stream3_IRQHandler</STRONG> (Thumb, 0 bytes, Stack size 0 bytes, startup_stm32h750xx.o(.text))
<BR>[Address Reference Count : 1]<UL><LI> startup_stm32h750xx.o(RESET)
</UL>
<P><STRONG><a name="[40]"></a>DMA1_Stream4_IRQHandler</STRONG> (Thumb, 0 bytes, Stack size 0 bytes, startup_stm32h750xx.o(.text))
<BR>[Address Reference Count : 1]<UL><LI> startup_stm32h750xx.o(RESET)
</UL>
<P><STRONG><a name="[41]"></a>DMA1_Stream5_IRQHandler</STRONG> (Thumb, 0 bytes, Stack size 0 bytes, startup_stm32h750xx.o(.text))
<BR>[Address Reference Count : 1]<UL><LI> startup_stm32h750xx.o(RESET)
</UL>
<P><STRONG><a name="[42]"></a>DMA1_Stream6_IRQHandler</STRONG> (Thumb, 0 bytes, Stack size 0 bytes, startup_stm32h750xx.o(.text))
<BR>[Address Reference Count : 1]<UL><LI> startup_stm32h750xx.o(RESET)
</UL>
<P><STRONG><a name="[5f]"></a>DMA1_Stream7_IRQHandler</STRONG> (Thumb, 0 bytes, Stack size 0 bytes, startup_stm32h750xx.o(.text))
<BR>[Address Reference Count : 1]<UL><LI> startup_stm32h750xx.o(RESET)
</UL>
<P><STRONG><a name="[86]"></a>DMA2D_IRQHandler</STRONG> (Thumb, 0 bytes, Stack size 0 bytes, startup_stm32h750xx.o(.text))
<BR>[Address Reference Count : 1]<UL><LI> startup_stm32h750xx.o(RESET)
</UL>
<P><STRONG><a name="[68]"></a>DMA2_Stream0_IRQHandler</STRONG> (Thumb, 0 bytes, Stack size 0 bytes, startup_stm32h750xx.o(.text))
<BR>[Address Reference Count : 1]<UL><LI> startup_stm32h750xx.o(RESET)
</UL>
<P><STRONG><a name="[69]"></a>DMA2_Stream1_IRQHandler</STRONG> (Thumb, 0 bytes, Stack size 0 bytes, startup_stm32h750xx.o(.text))
<BR>[Address Reference Count : 1]<UL><LI> startup_stm32h750xx.o(RESET)
</UL>
<P><STRONG><a name="[6a]"></a>DMA2_Stream2_IRQHandler</STRONG> (Thumb, 0 bytes, Stack size 0 bytes, startup_stm32h750xx.o(.text))
<BR>[Address Reference Count : 1]<UL><LI> startup_stm32h750xx.o(RESET)
</UL>
<P><STRONG><a name="[6b]"></a>DMA2_Stream3_IRQHandler</STRONG> (Thumb, 0 bytes, Stack size 0 bytes, startup_stm32h750xx.o(.text))
<BR>[Address Reference Count : 1]<UL><LI> startup_stm32h750xx.o(RESET)
</UL>
<P><STRONG><a name="[6c]"></a>DMA2_Stream4_IRQHandler</STRONG> (Thumb, 0 bytes, Stack size 0 bytes, startup_stm32h750xx.o(.text))
<BR>[Address Reference Count : 1]<UL><LI> startup_stm32h750xx.o(RESET)
</UL>
<P><STRONG><a name="[70]"></a>DMA2_Stream5_IRQHandler</STRONG> (Thumb, 0 bytes, Stack size 0 bytes, startup_stm32h750xx.o(.text))
<BR>[Address Reference Count : 1]<UL><LI> startup_stm32h750xx.o(RESET)
</UL>
<P><STRONG><a name="[71]"></a>DMA2_Stream6_IRQHandler</STRONG> (Thumb, 0 bytes, Stack size 0 bytes, startup_stm32h750xx.o(.text))
<BR>[Address Reference Count : 1]<UL><LI> startup_stm32h750xx.o(RESET)
</UL>
<P><STRONG><a name="[72]"></a>DMA2_Stream7_IRQHandler</STRONG> (Thumb, 0 bytes, Stack size 0 bytes, startup_stm32h750xx.o(.text))
<BR>[Address Reference Count : 1]<UL><LI> startup_stm32h750xx.o(RESET)
</UL>
<P><STRONG><a name="[92]"></a>DMAMUX1_OVR_IRQHandler</STRONG> (Thumb, 0 bytes, Stack size 0 bytes, startup_stm32h750xx.o(.text))
<BR>[Address Reference Count : 1]<UL><LI> startup_stm32h750xx.o(RESET)
</UL>
<P><STRONG><a name="[aa]"></a>DMAMUX2_OVR_IRQHandler</STRONG> (Thumb, 0 bytes, Stack size 0 bytes, startup_stm32h750xx.o(.text))
<BR>[Address Reference Count : 1]<UL><LI> startup_stm32h750xx.o(RESET)
</UL>
<P><STRONG><a name="[ba]"></a>ECC_IRQHandler</STRONG> (Thumb, 0 bytes, Stack size 0 bytes, startup_stm32h750xx.o(.text))
<BR>[Address Reference Count : 1]<UL><LI> startup_stm32h750xx.o(RESET)
</UL>
<P><STRONG><a name="[6d]"></a>ETH_IRQHandler</STRONG> (Thumb, 0 bytes, Stack size 0 bytes, startup_stm32h750xx.o(.text))
<BR>[Address Reference Count : 1]<UL><LI> startup_stm32h750xx.o(RESET)
</UL>
<P><STRONG><a name="[6e]"></a>ETH_WKUP_IRQHandler</STRONG> (Thumb, 0 bytes, Stack size 0 bytes, startup_stm32h750xx.o(.text))
<BR>[Address Reference Count : 1]<UL><LI> startup_stm32h750xx.o(RESET)
</UL>
<P><STRONG><a name="[37]"></a>EXTI0_IRQHandler</STRONG> (Thumb, 0 bytes, Stack size 0 bytes, startup_stm32h750xx.o(.text))
<BR>[Address Reference Count : 1]<UL><LI> startup_stm32h750xx.o(RESET)
</UL>
<P><STRONG><a name="[59]"></a>EXTI15_10_IRQHandler</STRONG> (Thumb, 0 bytes, Stack size 0 bytes, startup_stm32h750xx.o(.text))
<BR>[Address Reference Count : 1]<UL><LI> startup_stm32h750xx.o(RESET)
</UL>
<P><STRONG><a name="[38]"></a>EXTI1_IRQHandler</STRONG> (Thumb, 0 bytes, Stack size 0 bytes, startup_stm32h750xx.o(.text))
<BR>[Address Reference Count : 1]<UL><LI> startup_stm32h750xx.o(RESET)
</UL>
<P><STRONG><a name="[39]"></a>EXTI2_IRQHandler</STRONG> (Thumb, 0 bytes, Stack size 0 bytes, startup_stm32h750xx.o(.text))
<BR>[Address Reference Count : 1]<UL><LI> startup_stm32h750xx.o(RESET)
</UL>
<P><STRONG><a name="[3a]"></a>EXTI3_IRQHandler</STRONG> (Thumb, 0 bytes, Stack size 0 bytes, startup_stm32h750xx.o(.text))
<BR>[Address Reference Count : 1]<UL><LI> startup_stm32h750xx.o(RESET)
</UL>
<P><STRONG><a name="[3b]"></a>EXTI4_IRQHandler</STRONG> (Thumb, 0 bytes, Stack size 0 bytes, startup_stm32h750xx.o(.text))
<BR>[Address Reference Count : 1]<UL><LI> startup_stm32h750xx.o(RESET)
</UL>
<P><STRONG><a name="[48]"></a>EXTI9_5_IRQHandler</STRONG> (Thumb, 0 bytes, Stack size 0 bytes, startup_stm32h750xx.o(.text))
<BR>[Address Reference Count : 1]<UL><LI> startup_stm32h750xx.o(RESET)
</UL>
<P><STRONG><a name="[44]"></a>FDCAN1_IT0_IRQHandler</STRONG> (Thumb, 0 bytes, Stack size 0 bytes, startup_stm32h750xx.o(.text))
<BR>[Address Reference Count : 1]<UL><LI> startup_stm32h750xx.o(RESET)
</UL>
<P><STRONG><a name="[46]"></a>FDCAN1_IT1_IRQHandler</STRONG> (Thumb, 0 bytes, Stack size 0 bytes, startup_stm32h750xx.o(.text))
<BR>[Address Reference Count : 1]<UL><LI> startup_stm32h750xx.o(RESET)
</UL>
<P><STRONG><a name="[45]"></a>FDCAN2_IT0_IRQHandler</STRONG> (Thumb, 0 bytes, Stack size 0 bytes, startup_stm32h750xx.o(.text))
<BR>[Address Reference Count : 1]<UL><LI> startup_stm32h750xx.o(RESET)
</UL>
<P><STRONG><a name="[47]"></a>FDCAN2_IT1_IRQHandler</STRONG> (Thumb, 0 bytes, Stack size 0 bytes, startup_stm32h750xx.o(.text))
<BR>[Address Reference Count : 1]<UL><LI> startup_stm32h750xx.o(RESET)
</UL>
<P><STRONG><a name="[6f]"></a>FDCAN_CAL_IRQHandler</STRONG> (Thumb, 0 bytes, Stack size 0 bytes, startup_stm32h750xx.o(.text))
<BR>[Address Reference Count : 1]<UL><LI> startup_stm32h750xx.o(RESET)
</UL>
<P><STRONG><a name="[35]"></a>FLASH_IRQHandler</STRONG> (Thumb, 0 bytes, Stack size 0 bytes, startup_stm32h750xx.o(.text))
<BR>[Address Reference Count : 1]<UL><LI> startup_stm32h750xx.o(RESET)
</UL>
<P><STRONG><a name="[60]"></a>FMC_IRQHandler</STRONG> (Thumb, 0 bytes, Stack size 0 bytes, startup_stm32h750xx.o(.text))
<BR>[Address Reference Count : 1]<UL><LI> startup_stm32h750xx.o(RESET)
</UL>
<P><STRONG><a name="[7d]"></a>FPU_IRQHandler</STRONG> (Thumb, 0 bytes, Stack size 0 bytes, startup_stm32h750xx.o(.text))
<BR>[Address Reference Count : 1]<UL><LI> startup_stm32h750xx.o(RESET)
</UL>
<P><STRONG><a name="[7c]"></a>HASH_RNG_IRQHandler</STRONG> (Thumb, 0 bytes, Stack size 0 bytes, startup_stm32h750xx.o(.text))
<BR>[Address Reference Count : 1]<UL><LI> startup_stm32h750xx.o(RESET)
</UL>
<P><STRONG><a name="[99]"></a>HRTIM1_FLT_IRQHandler</STRONG> (Thumb, 0 bytes, Stack size 0 bytes, startup_stm32h750xx.o(.text))
<BR>[Address Reference Count : 1]<UL><LI> startup_stm32h750xx.o(RESET)
</UL>
<P><STRONG><a name="[93]"></a>HRTIM1_Master_IRQHandler</STRONG> (Thumb, 0 bytes, Stack size 0 bytes, startup_stm32h750xx.o(.text))
<BR>[Address Reference Count : 1]<UL><LI> startup_stm32h750xx.o(RESET)
</UL>
<P><STRONG><a name="[94]"></a>HRTIM1_TIMA_IRQHandler</STRONG> (Thumb, 0 bytes, Stack size 0 bytes, startup_stm32h750xx.o(.text))
<BR>[Address Reference Count : 1]<UL><LI> startup_stm32h750xx.o(RESET)
</UL>
<P><STRONG><a name="[95]"></a>HRTIM1_TIMB_IRQHandler</STRONG> (Thumb, 0 bytes, Stack size 0 bytes, startup_stm32h750xx.o(.text))
<BR>[Address Reference Count : 1]<UL><LI> startup_stm32h750xx.o(RESET)
</UL>
<P><STRONG><a name="[96]"></a>HRTIM1_TIMC_IRQHandler</STRONG> (Thumb, 0 bytes, Stack size 0 bytes, startup_stm32h750xx.o(.text))
<BR>[Address Reference Count : 1]<UL><LI> startup_stm32h750xx.o(RESET)
</UL>
<P><STRONG><a name="[97]"></a>HRTIM1_TIMD_IRQHandler</STRONG> (Thumb, 0 bytes, Stack size 0 bytes, startup_stm32h750xx.o(.text))
<BR>[Address Reference Count : 1]<UL><LI> startup_stm32h750xx.o(RESET)
</UL>
<P><STRONG><a name="[98]"></a>HRTIM1_TIME_IRQHandler</STRONG> (Thumb, 0 bytes, Stack size 0 bytes, startup_stm32h750xx.o(.text))
<BR>[Address Reference Count : 1]<UL><LI> startup_stm32h750xx.o(RESET)
</UL>
<P><STRONG><a name="[a8]"></a>HSEM1_IRQHandler</STRONG> (Thumb, 0 bytes, Stack size 0 bytes, startup_stm32h750xx.o(.text))
<BR>[Address Reference Count : 1]<UL><LI> startup_stm32h750xx.o(RESET)
</UL>
<P><STRONG><a name="[51]"></a>I2C1_ER_IRQHandler</STRONG> (Thumb, 0 bytes, Stack size 0 bytes, startup_stm32h750xx.o(.text))
<BR>[Address Reference Count : 1]<UL><LI> startup_stm32h750xx.o(RESET)
</UL>
<P><STRONG><a name="[53]"></a>I2C2_ER_IRQHandler</STRONG> (Thumb, 0 bytes, Stack size 0 bytes, startup_stm32h750xx.o(.text))
<BR>[Address Reference Count : 1]<UL><LI> startup_stm32h750xx.o(RESET)
</UL>
<P><STRONG><a name="[75]"></a>I2C3_ER_IRQHandler</STRONG> (Thumb, 0 bytes, Stack size 0 bytes, startup_stm32h750xx.o(.text))
<BR>[Address Reference Count : 1]<UL><LI> startup_stm32h750xx.o(RESET)
</UL>
<P><STRONG><a name="[74]"></a>I2C3_EV_IRQHandler</STRONG> (Thumb, 0 bytes, Stack size 0 bytes, startup_stm32h750xx.o(.text))
<BR>[Address Reference Count : 1]<UL><LI> startup_stm32h750xx.o(RESET)
</UL>
<P><STRONG><a name="[8c]"></a>I2C4_ER_IRQHandler</STRONG> (Thumb, 0 bytes, Stack size 0 bytes, startup_stm32h750xx.o(.text))
<BR>[Address Reference Count : 1]<UL><LI> startup_stm32h750xx.o(RESET)
</UL>
<P><STRONG><a name="[8b]"></a>I2C4_EV_IRQHandler</STRONG> (Thumb, 0 bytes, Stack size 0 bytes, startup_stm32h750xx.o(.text))
<BR>[Address Reference Count : 1]<UL><LI> startup_stm32h750xx.o(RESET)
</UL>
<P><STRONG><a name="[a5]"></a>JPEG_IRQHandler</STRONG> (Thumb, 0 bytes, Stack size 0 bytes, startup_stm32h750xx.o(.text))
<BR>[Address Reference Count : 1]<UL><LI> startup_stm32h750xx.o(RESET)
</UL>
<P><STRONG><a name="[89]"></a>LPTIM1_IRQHandler</STRONG> (Thumb, 0 bytes, Stack size 0 bytes, startup_stm32h750xx.o(.text))
<BR>[Address Reference Count : 1]<UL><LI> startup_stm32h750xx.o(RESET)
</UL>
<P><STRONG><a name="[b4]"></a>LPTIM2_IRQHandler</STRONG> (Thumb, 0 bytes, Stack size 0 bytes, startup_stm32h750xx.o(.text))
<BR>[Address Reference Count : 1]<UL><LI> startup_stm32h750xx.o(RESET)
</UL>
<P><STRONG><a name="[b5]"></a>LPTIM3_IRQHandler</STRONG> (Thumb, 0 bytes, Stack size 0 bytes, startup_stm32h750xx.o(.text))
<BR>[Address Reference Count : 1]<UL><LI> startup_stm32h750xx.o(RESET)
</UL>
<P><STRONG><a name="[b6]"></a>LPTIM4_IRQHandler</STRONG> (Thumb, 0 bytes, Stack size 0 bytes, startup_stm32h750xx.o(.text))
<BR>[Address Reference Count : 1]<UL><LI> startup_stm32h750xx.o(RESET)
</UL>
<P><STRONG><a name="[b7]"></a>LPTIM5_IRQHandler</STRONG> (Thumb, 0 bytes, Stack size 0 bytes, startup_stm32h750xx.o(.text))
<BR>[Address Reference Count : 1]<UL><LI> startup_stm32h750xx.o(RESET)
</UL>
<P><STRONG><a name="[b8]"></a>LPUART1_IRQHandler</STRONG> (Thumb, 0 bytes, Stack size 0 bytes, startup_stm32h750xx.o(.text))
<BR>[Address Reference Count : 1]<UL><LI> startup_stm32h750xx.o(RESET)
</UL>
<P><STRONG><a name="[85]"></a>LTDC_ER_IRQHandler</STRONG> (Thumb, 0 bytes, Stack size 0 bytes, startup_stm32h750xx.o(.text))
<BR>[Address Reference Count : 1]<UL><LI> startup_stm32h750xx.o(RESET)
</UL>
<P><STRONG><a name="[84]"></a>LTDC_IRQHandler</STRONG> (Thumb, 0 bytes, Stack size 0 bytes, startup_stm32h750xx.o(.text))
<BR>[Address Reference Count : 1]<UL><LI> startup_stm32h750xx.o(RESET)
</UL>
<P><STRONG><a name="[a4]"></a>MDIOS_IRQHandler</STRONG> (Thumb, 0 bytes, Stack size 0 bytes, startup_stm32h750xx.o(.text))
<BR>[Address Reference Count : 1]<UL><LI> startup_stm32h750xx.o(RESET)
</UL>
<P><STRONG><a name="[a3]"></a>MDIOS_WKUP_IRQHandler</STRONG> (Thumb, 0 bytes, Stack size 0 bytes, startup_stm32h750xx.o(.text))
<BR>[Address Reference Count : 1]<UL><LI> startup_stm32h750xx.o(RESET)
</UL>
<P><STRONG><a name="[a6]"></a>MDMA_IRQHandler</STRONG> (Thumb, 0 bytes, Stack size 0 bytes, startup_stm32h750xx.o(.text))
<BR>[Address Reference Count : 1]<UL><LI> startup_stm32h750xx.o(RESET)
</UL>
<P><STRONG><a name="[8f]"></a>OTG_FS_EP1_IN_IRQHandler</STRONG> (Thumb, 0 bytes, Stack size 0 bytes, startup_stm32h750xx.o(.text))
<BR>[Address Reference Count : 1]<UL><LI> startup_stm32h750xx.o(RESET)
</UL>
<P><STRONG><a name="[8e]"></a>OTG_FS_EP1_OUT_IRQHandler</STRONG> (Thumb, 0 bytes, Stack size 0 bytes, startup_stm32h750xx.o(.text))
<BR>[Address Reference Count : 1]<UL><LI> startup_stm32h750xx.o(RESET)
</UL>
<P><STRONG><a name="[90]"></a>OTG_FS_WKUP_IRQHandler</STRONG> (Thumb, 0 bytes, Stack size 0 bytes, startup_stm32h750xx.o(.text))
<BR>[Address Reference Count : 1]<UL><LI> startup_stm32h750xx.o(RESET)
</UL>
<P><STRONG><a name="[77]"></a>OTG_HS_EP1_IN_IRQHandler</STRONG> (Thumb, 0 bytes, Stack size 0 bytes, startup_stm32h750xx.o(.text))
<BR>[Address Reference Count : 1]<UL><LI> startup_stm32h750xx.o(RESET)
</UL>
<P><STRONG><a name="[76]"></a>OTG_HS_EP1_OUT_IRQHandler</STRONG> (Thumb, 0 bytes, Stack size 0 bytes, startup_stm32h750xx.o(.text))
<BR>[Address Reference Count : 1]<UL><LI> startup_stm32h750xx.o(RESET)
</UL>
<P><STRONG><a name="[79]"></a>OTG_HS_IRQHandler</STRONG> (Thumb, 0 bytes, Stack size 0 bytes, startup_stm32h750xx.o(.text))
<BR>[Address Reference Count : 1]<UL><LI> startup_stm32h750xx.o(RESET)
</UL>
<P><STRONG><a name="[78]"></a>OTG_HS_WKUP_IRQHandler</STRONG> (Thumb, 0 bytes, Stack size 0 bytes, startup_stm32h750xx.o(.text))
<BR>[Address Reference Count : 1]<UL><LI> startup_stm32h750xx.o(RESET)
</UL>
<P><STRONG><a name="[32]"></a>PVD_AVD_IRQHandler</STRONG> (Thumb, 0 bytes, Stack size 0 bytes, startup_stm32h750xx.o(.text))
<BR>[Address Reference Count : 1]<UL><LI> startup_stm32h750xx.o(RESET)
</UL>
<P><STRONG><a name="[36]"></a>RCC_IRQHandler</STRONG> (Thumb, 0 bytes, Stack size 0 bytes, startup_stm32h750xx.o(.text))
<BR>[Address Reference Count : 1]<UL><LI> startup_stm32h750xx.o(RESET)
</UL>
<P><STRONG><a name="[5a]"></a>RTC_Alarm_IRQHandler</STRONG> (Thumb, 0 bytes, Stack size 0 bytes, startup_stm32h750xx.o(.text))
<BR>[Address Reference Count : 1]<UL><LI> startup_stm32h750xx.o(RESET)
</UL>
<P><STRONG><a name="[34]"></a>RTC_WKUP_IRQHandler</STRONG> (Thumb, 0 bytes, Stack size 0 bytes, startup_stm32h750xx.o(.text))
<BR>[Address Reference Count : 1]<UL><LI> startup_stm32h750xx.o(RESET)
</UL>
<P><STRONG><a name="[83]"></a>SAI1_IRQHandler</STRONG> (Thumb, 0 bytes, Stack size 0 bytes, startup_stm32h750xx.o(.text))
<BR>[Address Reference Count : 1]<UL><LI> startup_stm32h750xx.o(RESET)
</UL>
<P><STRONG><a name="[87]"></a>SAI2_IRQHandler</STRONG> (Thumb, 0 bytes, Stack size 0 bytes, startup_stm32h750xx.o(.text))
<BR>[Address Reference Count : 1]<UL><LI> startup_stm32h750xx.o(RESET)
</UL>
<P><STRONG><a name="[9e]"></a>SAI3_IRQHandler</STRONG> (Thumb, 0 bytes, Stack size 0 bytes, startup_stm32h750xx.o(.text))
<BR>[Address Reference Count : 1]<UL><LI> startup_stm32h750xx.o(RESET)
</UL>
<P><STRONG><a name="[bb]"></a>SAI4_IRQHandler</STRONG> (Thumb, 0 bytes, Stack size 0 bytes, startup_stm32h750xx.o(.text))
<BR>[Address Reference Count : 1]<UL><LI> startup_stm32h750xx.o(RESET)
</UL>
<P><STRONG><a name="[61]"></a>SDMMC1_IRQHandler</STRONG> (Thumb, 0 bytes, Stack size 0 bytes, startup_stm32h750xx.o(.text))
<BR>[Address Reference Count : 1]<UL><LI> startup_stm32h750xx.o(RESET)
</UL>
<P><STRONG><a name="[8d]"></a>SPDIF_RX_IRQHandler</STRONG> (Thumb, 0 bytes, Stack size 0 bytes, startup_stm32h750xx.o(.text))
<BR>[Address Reference Count : 1]<UL><LI> startup_stm32h750xx.o(RESET)
</UL>
<P><STRONG><a name="[54]"></a>SPI1_IRQHandler</STRONG> (Thumb, 0 bytes, Stack size 0 bytes, startup_stm32h750xx.o(.text))
<BR>[Address Reference Count : 1]<UL><LI> startup_stm32h750xx.o(RESET)
</UL>
<P><STRONG><a name="[55]"></a>SPI2_IRQHandler</STRONG> (Thumb, 0 bytes, Stack size 0 bytes, startup_stm32h750xx.o(.text))
<BR>[Address Reference Count : 1]<UL><LI> startup_stm32h750xx.o(RESET)
</UL>
<P><STRONG><a name="[63]"></a>SPI3_IRQHandler</STRONG> (Thumb, 0 bytes, Stack size 0 bytes, startup_stm32h750xx.o(.text))
<BR>[Address Reference Count : 1]<UL><LI> startup_stm32h750xx.o(RESET)
</UL>
<P><STRONG><a name="[80]"></a>SPI4_IRQHandler</STRONG> (Thumb, 0 bytes, Stack size 0 bytes, startup_stm32h750xx.o(.text))
<BR>[Address Reference Count : 1]<UL><LI> startup_stm32h750xx.o(RESET)
</UL>
<P><STRONG><a name="[81]"></a>SPI5_IRQHandler</STRONG> (Thumb, 0 bytes, Stack size 0 bytes, startup_stm32h750xx.o(.text))
<BR>[Address Reference Count : 1]<UL><LI> startup_stm32h750xx.o(RESET)
</UL>
<P><STRONG><a name="[82]"></a>SPI6_IRQHandler</STRONG> (Thumb, 0 bytes, Stack size 0 bytes, startup_stm32h750xx.o(.text))
<BR>[Address Reference Count : 1]<UL><LI> startup_stm32h750xx.o(RESET)
</UL>
<P><STRONG><a name="[9f]"></a>SWPMI1_IRQHandler</STRONG> (Thumb, 0 bytes, Stack size 0 bytes, startup_stm32h750xx.o(.text))
<BR>[Address Reference Count : 1]<UL><LI> startup_stm32h750xx.o(RESET)
</UL>
[...]
<BR>[Address Reference Count : 1]<UL><LI> GUIDRV_FlexColor.o(.rodata)
</UL>
<P><STRONG><a name="[ce]"></a>_ReadData</STRONG> (Thumb, 10 bytes, Stack size unknown bytes, GUIDRV_FlexColor_16bpp_C0B8.o(.text._ReadData))
<BR>[Address Reference Count : 1]<UL><LI> GUIDRV_FlexColor_16bpp_C0B8.o(.text.GUIDRV_FlexColor_SetMode16bppC0B8)
</UL>
<P><STRONG><a name="[cb]"></a>_WriteData</STRONG> (Thumb, 30 bytes, Stack size unknown bytes, GUIDRV_FlexColor_16bpp_C0B8.o(.text._WriteData))
<BR>[Address Reference Count : 1]<UL><LI> GUIDRV_FlexColor_16bpp_C0B8.o(.text.GUIDRV_FlexColor_SetMode16bppC0B8)
</UL>
<P><STRONG><a name="[ca]"></a>_FillRect</STRONG> (Thumb, 576 bytes, Stack size unknown bytes, GUIDRV_FlexColor_16bpp_C0B8.o(.text._FillRect))
<BR>[Address Reference Count : 1]<UL><LI> GUIDRV_FlexColor_16bpp_C0B8.o(.text.GUIDRV_FlexColor_SetMode16bppC0B8)
</UL>
<P><STRONG><a name="[c9]"></a>_DrawBitmap</STRONG> (Thumb, 2532 bytes, Stack size unknown bytes, GUIDRV_FlexColor_16bpp_C0B8.o(.text._DrawBitmap))
<BR>[Address Reference Count : 1]<UL><LI> GUIDRV_FlexColor_16bpp_C0B8.o(.text.GUIDRV_FlexColor_SetMode16bppC0B8)
</UL>
<P><STRONG><a name="[c1]"></a>_SetPhysRAMAddr</STRONG> (Thumb, 198 bytes, Stack size unknown bytes, GUIDRV_FlexColor_Func66720.o(.text._SetPhysRAMAddr))
<BR>[Address Reference Count : 1]<UL><LI> GUIDRV_FlexColor_Func66720.o(.text.GUIDRV_FlexColor_SetFunc66720)
</UL>
<P><STRONG><a name="[c4]"></a>_SetRect</STRONG> (Thumb, 310 bytes, Stack size unknown bytes, GUIDRV_FlexColor_Func66720.o(.text._SetRect))
<BR>[Address Reference Count : 1]<UL><LI> GUIDRV_FlexColor_Func66720.o(.text.GUIDRV_FlexColor_SetFunc66720)
</UL>
<P><STRONG><a name="[c2]"></a>_SetOrientation</STRONG> (Thumb, 64 bytes, Stack size unknown bytes, GUIDRV_FlexColor_Func66720.o(.text._SetOrientation))
<BR>[Address Reference Count : 1]<UL><LI> GUIDRV_FlexColor_Func66720.o(.text.GUIDRV_FlexColor_SetFunc66720)
</UL>
<P><STRONG><a name="[c3]"></a>_ReadPixel_16bpp_B8</STRONG> (Thumb, 58 bytes, Stack size unknown bytes, GUIDRV_FlexColor_Func66720.o(.text._ReadPixel_16bpp_B8))
<BR>[Address Reference Count : 1]<UL><LI> GUIDRV_FlexColor_Func66720.o(.text.GUIDRV_FlexColor_SetFunc66720)
</UL>
<P><STRONG><a name="[c6]"></a>_ReadRect_16bpp_B8</STRONG> (Thumb, 104 bytes, Stack size unknown bytes, GUIDRV_FlexColor_Func66720.o(.text._ReadRect_16bpp_B8))
<BR>[Address Reference Count : 1]<UL><LI> GUIDRV_FlexColor_Func66720.o(.text.GUIDRV_FlexColor_SetFunc66720)
</UL>
<P><STRONG><a name="[c5]"></a>_ReadPixel_32bpp_B8</STRONG> (Thumb, 52 bytes, Stack size unknown bytes, GUIDRV_FlexColor_Func66720.o(.text._ReadPixel_32bpp_B8))
<BR>[Address Reference Count : 1]<UL><LI> GUIDRV_FlexColor_Func66720.o(.text.GUIDRV_FlexColor_SetFunc66720)
</UL>
<P><STRONG><a name="[c7]"></a>_ReadRect_32bpp_B8</STRONG> (Thumb, 96 bytes, Stack size unknown bytes, GUIDRV_FlexColor_Func66720.o(.text._ReadRect_32bpp_B8))
<BR>[Address Reference Count : 1]<UL><LI> GUIDRV_FlexColor_Func66720.o(.text.GUIDRV_FlexColor_SetFunc66720)
</UL>
<P><STRONG><a name="[1]"></a>_ReadPixel_16bpp_B16_I</STRONG> (Thumb, 68 bytes, Stack size unknown bytes, GUIDRV_FlexColor_Func66720.o(.text._ReadPixel_16bpp_B16_I))
<BR>[Address Reference Count : 1]<UL><LI> GUIDRV_FlexColor_Func66720.o(.data)
</UL>
<P><STRONG><a name="[2]"></a>_ReadRect_16bpp_B16_I</STRONG> (Thumb, 116 bytes, Stack size unknown bytes, GUIDRV_FlexColor_Func66720.o(.text._ReadRect_16bpp_B16_I))
<BR>[Address Reference Count : 1]<UL><LI> GUIDRV_FlexColor_Func66720.o(.data)
</UL>
<P><STRONG><a name="[f5]"></a>_SetReg_B8</STRONG> (Thumb, 26 bytes, Stack size unknown bytes, GUIDRV_FlexColor_Func66720.o(.text._SetReg_B8))
<BR>[Address Reference Count : 1]<UL><LI> GUIDRV_FlexColor_Func66720.o(.text._SetInterface)
</UL>
<P><STRONG><a name="[f3]"></a>_SetReg_B16</STRONG> (Thumb, 8 bytes, Stack size unknown bytes, GUIDRV_FlexColor_Func66720.o(.text._SetReg_B16))
<BR>[Address Reference Count : 1]<UL><LI> GUIDRV_FlexColor_Func66720.o(.text._SetInterface)
</UL>
<P><STRONG><a name="[f6]"></a>_WritePara_B8</STRONG> (Thumb, 8 bytes, Stack size unknown bytes, GUIDRV_FlexColor_Func66720.o(.text._WritePara_B8))
<BR>[Address Reference Count : 1]<UL><LI> GUIDRV_FlexColor_Func66720.o(.text._SetInterface)
</UL>
<P><STRONG><a name="[f4]"></a>_WritePara_B16</STRONG> (Thumb, 8 bytes, Stack size unknown bytes, GUIDRV_FlexColor_Func66720.o(.text._WritePara_B16))
<BR>[Address Reference Count : 1]<UL><LI> GUIDRV_FlexColor_Func66720.o(.text._SetInterface)
</UL>
<P><STRONG><a name="[c8]"></a>_SetInterface</STRONG> (Thumb, 56 bytes, Stack size unknown bytes, GUIDRV_FlexColor_Func66720.o(.text._SetInterface))
<BR>[Address Reference Count : 1]<UL><LI> GUIDRV_FlexColor_Func66720.o(.text.GUIDRV_FlexColor_SetFunc66720)
</UL>
<P><STRONG><a name="[12b]"></a>_GetDevData</STRONG> (Thumb, 16 bytes, Stack size unknown bytes, GUIDEV_16.o(.text._GetDevData))
<BR>[Address Reference Count : 1]<UL><LI> GUIDEV_16.o(.rodata)
</UL>
<P><STRONG><a name="[129]"></a>_GetDevFunc</STRONG> (Thumb, 16 bytes, Stack size unknown bytes, GUIDEV_16.o(.text._GetDevFunc))
<BR>[Address Reference Count : 1]<UL><LI> GUIDEV_16.o(.rodata)
</UL>
<P><STRONG><a name="[128]"></a>_SetOrg</STRONG> (Thumb, 12 bytes, Stack size unknown bytes, GUIDEV_16.o(.text._SetOrg))
<BR>[Address Reference Count : 1]<UL><LI> GUIDEV_16.o(.rodata)
</UL>
<P><STRONG><a name="[12c]"></a>_GetRect</STRONG> (Thumb, 56 bytes, Stack size unknown bytes, GUIDEV_16.o(.text._GetRect))
<BR><BR>[Calls]<UL><LI><a href="#[192]">&gt;&gt;</a>&nbsp;&nbsp;&nbsp;GUI_ALLOC_UnlockH
<LI><a href="#[191]">&gt;&gt;</a>&nbsp;&nbsp;&nbsp;GUI_ALLOC_LockH
</UL>
<BR>[Address Reference Count : 1]<UL><LI> GUIDEV_16.o(.rodata)
</UL>
<P><STRONG><a name="[121]"></a>_DrawBitmap</STRONG> (Thumb, 2616 bytes, Stack size unknown bytes, GUIDEV_16.o(.text._DrawBitmap))
<BR><BR>[Calls]<UL><LI><a href="#[2e4]">&gt;&gt;</a>&nbsp;&nbsp;&nbsp;GUI_USAGE_AddRect
<LI><a href="#[192]">&gt;&gt;</a>&nbsp;&nbsp;&nbsp;GUI_ALLOC_UnlockH
<LI><a href="#[191]">&gt;&gt;</a>&nbsp;&nbsp;&nbsp;GUI_ALLOC_LockH
</UL>
<BR>[Address Reference Count : 1]<UL><LI> GUIDEV_16.o(.rodata)
</UL>
<P><STRONG><a name="[12a]"></a>_GetDevProp</STRONG> (Thumb, 24 bytes, Stack size unknown bytes, GUIDEV_16.o(.text._GetDevProp))
<BR>[Address Reference Count : 1]<UL><LI> GUIDEV_16.o(.rodata)
</UL>
<P><STRONG><a name="[125]"></a>_GetPixelIndex</STRONG> (Thumb, 64 bytes, Stack size unknown bytes, GUIDEV_16.o(.text._GetPixelIndex))
<BR><BR>[Calls]<UL><LI><a href="#[192]">&gt;&gt;</a>&nbsp;&nbsp;&nbsp;GUI_ALLOC_UnlockH
<LI><a href="#[191]">&gt;&gt;</a>&nbsp;&nbsp;&nbsp;GUI_ALLOC_LockH
</UL>
<BR>[Address Reference Count : 1]<UL><LI> GUIDEV_16.o(.rodata)
</UL>
<P><STRONG><a name="[126]"></a>_SetPixelIndex</STRONG> (Thumb, 120 bytes, Stack size unknown bytes, GUIDEV_16.o(.text._SetPixelIndex))
<BR><BR>[Calls]<UL><LI><a href="#[192]">&gt;&gt;</a>&nbsp;&nbsp;&nbsp;GUI_ALLOC_UnlockH
<LI><a href="#[191]">&gt;&gt;</a>&nbsp;&nbsp;&nbsp;GUI_ALLOC_LockH
</UL>
<BR>[Address Reference Count : 1]<UL><LI> GUIDEV_16.o(.rodata)
</UL>
<P><STRONG><a name="[127]"></a>_XorPixel</STRONG> (Thumb, 132 bytes, Stack size unknown bytes, GUIDEV_16.o(.text._XorPixel))
<BR><BR>[Calls]<UL><LI><a href="#[192]">&gt;&gt;</a>&nbsp;&nbsp;&nbsp;GUI_ALLOC_UnlockH
<LI><a href="#[191]">&gt;&gt;</a>&nbsp;&nbsp;&nbsp;GUI_ALLOC_LockH
</UL>
<BR>[Address Reference Count : 1]<UL><LI> GUIDEV_16.o(.rodata)
</UL>
<P><STRONG><a name="[124]"></a>_FillRect</STRONG> (Thumb, 372 bytes, Stack size unknown bytes, GUIDEV_16.o(.text._FillRect))
<BR><BR>[Calls]<UL><LI><a href="#[2e5]">&gt;&gt;</a>&nbsp;&nbsp;&nbsp;GUI__memset16
<LI><a href="#[2e4]">&gt;&gt;</a>&nbsp;&nbsp;&nbsp;GUI_USAGE_AddRect
<LI><a href="#[192]">&gt;&gt;</a>&nbsp;&nbsp;&nbsp;GUI_ALLOC_UnlockH
<LI><a href="#[191]">&gt;&gt;</a>&nbsp;&nbsp;&nbsp;GUI_ALLOC_LockH
</UL>
<BR>[Called By]<UL><LI><a href="#[122]">&gt;&gt;</a>&nbsp;&nbsp;&nbsp;_DrawHLine
</UL>
<BR>[Address Reference Count : 1]<UL><LI> GUIDEV_16.o(.rodata)
</UL>
<P><STRONG><a name="[122]"></a>_DrawHLine</STRONG> (Thumb, 16 bytes, Stack size unknown bytes, GUIDEV_16.o(.text._DrawHLine))
<BR><BR>[Calls]<UL><LI><a href="#[124]">&gt;&gt;</a>&nbsp;&nbsp;&nbsp;_FillRect
</UL>
<BR>[Address Reference Count : 1]<UL><LI> GUIDEV_16.o(.rodata)
</UL>
<P><STRONG><a name="[123]"></a>_DrawVLine</STRONG> (Thumb, 232 bytes, Stack size unknown bytes, GUIDEV_16.o(.text._DrawVLine))
<BR><BR>[Calls]<UL><LI><a href="#[192]">&gt;&gt;</a>&nbsp;&nbsp;&nbsp;GUI_ALLOC_UnlockH
<LI><a href="#[191]">&gt;&gt;</a>&nbsp;&nbsp;&nbsp;GUI_ALLOC_LockH
</UL>
<BR>[Address Reference Count : 1]<UL><LI> GUIDEV_16.o(.rodata)
</UL>
<P><STRONG><a name="[de]"></a>_OnExit</STRONG> (Thumb, 160 bytes, Stack size unknown bytes, WM.o(.text._OnExit))
<BR>[Address Reference Count : 1]<UL><LI> WM.o(.text.WM_Init)
</UL>
<P><STRONG><a name="[2e7]"></a>_Findy1</STRONG> (Thumb, 206 bytes, Stack size unknown bytes, WM.o(.text._Findy1))
<BR><BR>[Calls]<UL><LI><a href="#[2de]">&gt;&gt;</a>&nbsp;&nbsp;&nbsp;GUI_RectsIntersect
<LI><a href="#[26d]">&gt;&gt;</a>&nbsp;&nbsp;&nbsp;GUI__IntersectRects
<LI><a href="#[2e7]">&gt;&gt;</a>&nbsp;&nbsp;&nbsp;_Findy1
<LI><a href="#[192]">&gt;&gt;</a>&nbsp;&nbsp;&nbsp;GUI_ALLOC_UnlockH
<LI><a href="#[191]">&gt;&gt;</a>&nbsp;&nbsp;&nbsp;GUI_ALLOC_LockH
<LI><a href="#[2c9]">&gt;&gt;</a>&nbsp;&nbsp;&nbsp;GUI_ALLOC_h2p
</UL>
<BR>[Called By]<UL><LI><a href="#[2e0]">&gt;&gt;</a>&nbsp;&nbsp;&nbsp;_Findy1.constprop.11
<LI><a href="#[2e7]">&gt;&gt;</a>&nbsp;&nbsp;&nbsp;_Findy1
</UL>

<P><STRONG><a name="[2e6]"></a>_Findx0</STRONG> (Thumb, 164 bytes, Stack size unknown bytes, WM.o(.text._Findx0))
<BR><BR>[Calls]<UL><LI><a href="#[2de]">&gt;&gt;</a>&nbsp;&nbsp;&nbsp;GUI_RectsIntersect
<LI><a href="#[26d]">&gt;&gt;</a>&nbsp;&nbsp;&nbsp;GUI__IntersectRects
<LI><a href="#[2e6]">&gt;&gt;</a>&nbsp;&nbsp;&nbsp;_Findx0
<LI><a href="#[192]">&gt;&gt;</a>&nbsp;&nbsp;&nbsp;GUI_ALLOC_UnlockH
<LI><a href="#[191]">&gt;&gt;</a>&nbsp;&nbsp;&nbsp;GUI_ALLOC_LockH
<LI><a href="#[2c9]">&gt;&gt;</a>&nbsp;&nbsp;&nbsp;GUI_ALLOC_h2p
</UL>
<BR>[Called By]<UL><LI><a href="#[2dd]">&gt;&gt;</a>&nbsp;&nbsp;&nbsp;_Findx0.constprop.10
<LI><a href="#[2e6]">&gt;&gt;</a>&nbsp;&nbsp;&nbsp;_Findx0
</UL>

<P><STRONG><a name="[2df]"></a>_Findx1</STRONG> (Thumb, 142 bytes, Stack size unknown bytes, WM.o(.text._Findx1))
<BR><BR>[Calls]<UL><LI><a href="#[2de]">&gt;&gt;</a>&nbsp;&nbsp;&nbsp;GUI_RectsIntersect
<LI><a href="#[26d]">&gt;&gt;</a>&nbsp;&nbsp;&nbsp;GUI__IntersectRects
<LI><a href="#[2df]">&gt;&gt;</a>&nbsp;&nbsp;&nbsp;_Findx1
<LI><a href="#[192]">&gt;&gt;</a>&nbsp;&nbsp;&nbsp;GUI_ALLOC_UnlockH
<LI><a href="#[191]">&gt;&gt;</a>&nbsp;&nbsp;&nbsp;GUI_ALLOC_LockH
<LI><a href="#[2c9]">&gt;&gt;</a>&nbsp;&nbsp;&nbsp;GUI_ALLOC_h2p
</UL>
<BR>[Called By]<UL><LI><a href="#[2df]">&gt;&gt;</a>&nbsp;&nbsp;&nbsp;_Findx1
<LI><a href="#[171]">&gt;&gt;</a>&nbsp;&nbsp;&nbsp;WM__GetNextIVR
</UL>

<P><STRONG><a name="[2dd]"></a>_Findx0.constprop.10</STRONG> (Thumb, 140 bytes, Stack size unknown bytes, WM.o(.text._Findx0.constprop.10))
<BR><BR>[Calls]<UL><LI><a href="#[2de]">&gt;&gt;</a>&nbsp;&nbsp;&nbsp;GUI_RectsIntersect
<LI><a href="#[2e6]">&gt;&gt;</a>&nbsp;&nbsp;&nbsp;_Findx0
<LI><a href="#[192]">&gt;&gt;</a>&nbsp;&nbsp;&nbsp;GUI_ALLOC_UnlockH
<LI><a href="#[191]">&gt;&gt;</a>&nbsp;&nbsp;&nbsp;GUI_ALLOC_LockH
<LI><a href="#[2c9]">&gt;&gt;</a>&nbsp;&nbsp;&nbsp;GUI_ALLOC_h2p
</UL>
<BR>[Called By]<UL><LI><a href="#[171]">&gt;&gt;</a>&nbsp;&nbsp;&nbsp;WM__GetNextIVR
</UL>

<P><STRONG><a name="[2e0]"></a>_Findy1.constprop.11</STRONG> (Thumb, 168 bytes, Stack size unknown bytes, WM.o(.text._Findy1.constprop.11))
<BR><BR>[Calls]<UL><LI><a href="#[2de]">&gt;&gt;</a>&nbsp;&nbsp;&nbsp;GUI_RectsIntersect
<LI><a href="#[2e7]">&gt;&gt;</a>&nbsp;&nbsp;&nbsp;_Findy1
<LI><a href="#[192]">&gt;&gt;</a>&nbsp;&nbsp;&nbsp;GUI_ALLOC_UnlockH
<LI><a href="#[191]">&gt;&gt;</a>&nbsp;&nbsp;&nbsp;GUI_ALLOC_LockH
<LI><a href="#[2c9]">&gt;&gt;</a>&nbsp;&nbsp;&nbsp;GUI_ALLOC_h2p
</UL>
<BR>[Called By]<UL><LI><a href="#[171]">&gt;&gt;</a>&nbsp;&nbsp;&nbsp;WM__GetNextIVR
</UL>

<P><STRONG><a name="[2d7]"></a>_Invalidate1Abs</STRONG> (Thumb, 228 bytes, Stack size unknown bytes, WM.o(.text._Invalidate1Abs))
<BR><BR>[Calls]<UL><LI><a href="#[2ec]">&gt;&gt;</a>&nbsp;&nbsp;&nbsp;GUI_MergeRect
<LI><a href="#[1a5]">&gt;&gt;</a>&nbsp;&nbsp;&nbsp;GUI_SignalEvent
<LI><a href="#[26d]">&gt;&gt;</a>&nbsp;&nbsp;&nbsp;GUI__IntersectRects
<LI><a href="#[192]">&gt;&gt;</a>&nbsp;&nbsp;&nbsp;GUI_ALLOC_UnlockH
<LI><a href="#[191]">&gt;&gt;</a>&nbsp;&nbsp;&nbsp;GUI_ALLOC_LockH
<LI><a href="#[2c9]">&gt;&gt;</a>&nbsp;&nbsp;&nbsp;GUI_ALLOC_h2p
</UL>
<BR>[Called By]<UL><LI><a href="#[2ca]">&gt;&gt;</a>&nbsp;&nbsp;&nbsp;WM__InvalidateRectEx
<LI><a href="#[2d9]">&gt;&gt;</a>&nbsp;&nbsp;&nbsp;WM__InvalidateRect
<LI><a href="#[2da]">&gt;&gt;</a>&nbsp;&nbsp;&nbsp;WM_InvalidateWindowAndDescsEx
<LI><a href="#[2ce]">&gt;&gt;</a>&nbsp;&nbsp;&nbsp;WM_InvalidateRect.part.2
</UL>

<P><STRONG><a name="[2ce]"></a>WM_InvalidateRect.part.2</STRONG> (Thumb, 220 bytes, Stack size unknown bytes, WM.o(.text.WM_InvalidateRect.part.2))
<BR><BR>[Stack]<UL><LI>Max Depth = 152 + Unknown Stack Size
<LI>Call Chain = WM_InvalidateRect.part.2 &rArr; WM__InvalidateRect &rArr;  WM__InvalidateRect (Cycle)
</UL>
<BR>[Calls]<UL><LI><a href="#[2d9]">&gt;&gt;</a>&nbsp;&nbsp;&nbsp;WM__InvalidateRect
<LI><a href="#[2d8]">&gt;&gt;</a>&nbsp;&nbsp;&nbsp;WM__InvalidateDrawAndDescs
<LI><a href="#[2d5]">&gt;&gt;</a>&nbsp;&nbsp;&nbsp;GUI_MoveRect
<LI><a href="#[2d6]">&gt;&gt;</a>&nbsp;&nbsp;&nbsp;GUI__IntersectRect
<LI><a href="#[2d7]">&gt;&gt;</a>&nbsp;&nbsp;&nbsp;_Invalidate1Abs
<LI><a href="#[192]">&gt;&gt;</a>&nbsp;&nbsp;&nbsp;GUI_ALLOC_UnlockH
<LI><a href="#[191]">&gt;&gt;</a>&nbsp;&nbsp;&nbsp;GUI_ALLOC_LockH
<LI><a href="#[168]">&gt;&gt;</a>&nbsp;&nbsp;&nbsp;GUI_Unlock
<LI><a href="#[166]">&gt;&gt;</a>&nbsp;&nbsp;&nbsp;GUI_Lock
</UL>
<BR>[Called By]<UL><LI><a href="#[2cf]">&gt;&gt;</a>&nbsp;&nbsp;&nbsp;WM_DefaultProc
<LI><a href="#[2cb]">&gt;&gt;</a>&nbsp;&nbsp;&nbsp;WM_CreateWindowAsChild
<LI><a href="#[dd]">&gt;&gt;</a>&nbsp;&nbsp;&nbsp;_cbBackWin
<LI><a href="#[18c]">&gt;&gt;</a>&nbsp;&nbsp;&nbsp;WM_Init
</UL>

<P><STRONG><a name="[dd]"></a>_cbBackWin</STRONG> (Thumb, 176 bytes, Stack size unknown bytes, WM.o(.text._cbBackWin))
<BR><BR>[Stack]<UL><LI>Max Depth = 152 + Unknown Stack Size
<LI>Call Chain = _cbBackWin &rArr; GUI_Clear &rArr; GUI_GotoXY &rArr; GUI_Lock &rArr; GUI_X_Lock &rArr; osMutexWait &rArr; xQueueSemaphoreTake &rArr; xTaskResumeAll &rArr; xTaskIncrementTick
</UL>
<BR>[Calls]<UL><LI><a href="#[16e]">&gt;&gt;</a>&nbsp;&nbsp;&nbsp;GUI_Clear
<LI><a href="#[1a4]">&gt;&gt;</a>&nbsp;&nbsp;&nbsp;GUI_StoreKey
<LI><a href="#[2d1]">&gt;&gt;</a>&nbsp;&nbsp;&nbsp;WM_SendToParent
<LI><a href="#[2d0]">&gt;&gt;</a>&nbsp;&nbsp;&nbsp;WM__GetClientRectEx
<LI><a href="#[1a2]">&gt;&gt;</a>&nbsp;&nbsp;&nbsp;GUI_SetBkColor
<LI><a href="#[2ce]">&gt;&gt;</a>&nbsp;&nbsp;&nbsp;WM_InvalidateRect.part.2
</UL>
<BR>[Address Reference Count : 1]<UL><LI> WM.o(.text.WM_Init)
</UL>
<P><STRONG><a name="[178]"></a>GUI_DispString.part.0</STRONG> (Thumb, 308 bytes, Stack size unknown bytes, GUI_DispString.o(.text.GUI_DispString.part.0))
<BR><BR>[Stack]<UL><LI>Max Depth = 152 + Unknown Stack Size
<LI>Call Chain = GUI_DispString.part.0 &rArr; GUI_Lock &rArr; GUI_X_Lock &rArr; osMutexWait &rArr; xQueueSemaphoreTake &rArr; xTaskResumeAll &rArr; xTaskIncrementTick
</UL>
<BR>[Calls]<UL><LI><a href="#[168]">&gt;&gt;</a>&nbsp;&nbsp;&nbsp;GUI_Unlock
<LI><a href="#[166]">&gt;&gt;</a>&nbsp;&nbsp;&nbsp;GUI_Lock
<LI><a href="#[17d]">&gt;&gt;</a>&nbsp;&nbsp;&nbsp;GUI__DispLine
<LI><a href="#[179]">&gt;&gt;</a>&nbsp;&nbsp;&nbsp;GUI_GetFontDistY
<LI><a href="#[17e]">&gt;&gt;</a>&nbsp;&nbsp;&nbsp;GUI_UC__NumChars2NumBytes
<LI><a href="#[17c]">&gt;&gt;</a>&nbsp;&nbsp;&nbsp;GUI__GetLineDistX
<LI><a href="#[17b]">&gt;&gt;</a>&nbsp;&nbsp;&nbsp;GUI__GetLineNumChars
<LI><a href="#[17a]">&gt;&gt;</a>&nbsp;&nbsp;&nbsp;GUI_GetYAdjust
</UL>
<BR>[Called By]<UL><LI><a href="#[177]">&gt;&gt;</a>&nbsp;&nbsp;&nbsp;GUI_DispStringAt
</UL>

<P><STRONG><a name="[cf]"></a>_OnExit</STRONG> (Thumb, 20 bytes, Stack size unknown bytes, GUI_Task.o(.text._OnExit))
<BR><BR>[Calls]<UL><LI><a href="#[174]">&gt;&gt;</a>&nbsp;&nbsp;&nbsp;GUI_ALLOC_FreeFixedBlock
</UL>
<BR>[Address Reference Count : 1]<UL><LI> GUI_Task.o(.text.GUITASK_Init)
</UL>
<P><STRONG><a name="[12d]"></a>_GetCharCode</STRONG> (Thumb, 4 bytes, Stack size unknown bytes, GUI_UC_EncodeNone.o(.text._GetCharCode))
<BR>[Address Reference Count : 1]<UL><LI> GUI_UC_EncodeNone.o(.rodata)
</UL>
<P><STRONG><a name="[12e]"></a>_GetCharSize</STRONG> (Thumb, 4 bytes, Stack size unknown bytes, GUI_UC_EncodeNone.o(.text._GetCharSize))
<BR>[Address Reference Count : 1]<UL><LI> GUI_UC_EncodeNone.o(.rodata)
</UL>
<P><STRONG><a name="[12f]"></a>_CalcSizeOfChar</STRONG> (Thumb, 4 bytes, Stack size unknown bytes, GUI_UC_EncodeNone.o(.text._CalcSizeOfChar))
<BR>[Address Reference Count : 1]<UL><LI> GUI_UC_EncodeNone.o(.rodata)
</UL>
<P><STRONG><a name="[130]"></a>_Encode</STRONG> (Thumb, 6 bytes, Stack size unknown bytes, GUI_UC_EncodeNone.o(.text._Encode))
<BR>[Address Reference Count : 1]<UL><LI> GUI_UC_EncodeNone.o(.rodata)
</UL>
<P><STRONG><a name="[132]"></a>_SetBkColor</STRONG> (Thumb, 56 bytes, Stack size unknown bytes, LCD.o(.text._SetBkColor))
<BR>[Address Reference Count : 1]<UL><LI> LCD.o(.rodata)
</UL>
<P><STRONG><a name="[131]"></a>_SetColor</STRONG> (Thumb, 56 bytes, Stack size unknown bytes, LCD.o(.text._SetColor))
<BR>[Address Reference Count : 1]<UL><LI> LCD.o(.rodata)
</UL>
<P><STRONG><a name="[133]"></a>_SetDrawMode</STRONG> (Thumb, 48 bytes, Stack size unknown bytes, LCD.o(.text._SetDrawMode))
<BR>[Address Reference Count : 1]<UL><LI> LCD.o(.rodata)
</UL>
<P><STRONG><a name="[d6]"></a>_OnExit</STRONG> (Thumb, 28 bytes, Stack size unknown bytes, LCD_Color.o(.text._OnExit))
<BR><BR>[Calls]<UL><LI><a href="#[174]">&gt;&gt;</a>&nbsp;&nbsp;&nbsp;GUI_ALLOC_FreeFixedBlock
</UL>
<BR>[Address Reference Count : 1]<UL><LI> LCD_Color.o(.text.LCD_InitColors)
</UL>
<P><STRONG><a name="[136]"></a>_GetIndexMask_0</STRONG> (Thumb, 74 bytes, Stack size unknown bytes, GUICC_0.o(.text._GetIndexMask_0))
<BR><BR>[Calls]<UL><LI><a href="#[261]">&gt;&gt;</a>&nbsp;&nbsp;&nbsp;LCD_GetNumColors
</UL>
<BR>[Address Reference Count : 1]<UL><LI> GUICC_0.o(.rodata)
</UL>
<P><STRONG><a name="[135]"></a>_Index2Color_0</STRONG> (Thumb, 30 bytes, Stack size unknown bytes, GUICC_0.o(.text._Index2Color_0))
<BR><BR>[Calls]<UL><LI><a href="#[264]">&gt;&gt;</a>&nbsp;&nbsp;&nbsp;LCD_GetPalette
<LI><a href="#[261]">&gt;&gt;</a>&nbsp;&nbsp;&nbsp;LCD_GetNumColors
</UL>
<BR>[Address Reference Count : 1]<UL><LI> GUICC_0.o(.rodata)
</UL>
<P><STRONG><a name="[134]"></a>_Color2Index_0</STRONG> (Thumb, 84 bytes, Stack size unknown bytes, GUICC_0.o(.text._Color2Index_0))
<BR><BR>[Calls]<UL><LI><a href="#[264]">&gt;&gt;</a>&nbsp;&nbsp;&nbsp;LCD_GetPalette
<LI><a href="#[261]">&gt;&gt;</a>&nbsp;&nbsp;&nbsp;LCD_GetNumColors
<LI><a href="#[2e1]">&gt;&gt;</a>&nbsp;&nbsp;&nbsp;GUI_CalcColorDist
</UL>
<BR>[Address Reference Count : 1]<UL><LI> GUICC_0.o(.rodata)
</UL>
<P><STRONG><a name="[5]"></a>_Log2VisBuffered</STRONG> (Thumb, 2 bytes, Stack size unknown bytes, GUI_CharLine.o(.text._Log2VisBuffered))
<BR>[Address Reference Count : 1]<UL><LI> GUI_CharLine.o(.data)
</UL>
<P><STRONG><a name="[1b1]"></a>_DispLine</STRONG> (Thumb, 156 bytes, Stack size unknown bytes, GUI_CharLine.o(.text._DispLine))
<BR><BR>[Calls]<UL><LI><a href="#[1b3]">&gt;&gt;</a>&nbsp;&nbsp;&nbsp;GUI__ManageCache
<LI><a href="#[2de]">&gt;&gt;</a>&nbsp;&nbsp;&nbsp;GUI_RectsIntersect
<LI><a href="#[1b2]">&gt;&gt;</a>&nbsp;&nbsp;&nbsp;GUI_UC__GetCharCodeInc
</UL>
<BR>[Called By]<UL><LI><a href="#[17d]">&gt;&gt;</a>&nbsp;&nbsp;&nbsp;GUI__DispLine
</UL>
<P>
<H3>
Undefined Global Symbols
</H3><HR></body></html>
