<html>
<body>
<pre>
<h1>µVision Build Log</h1>
<h2>Tool Versions:</h2>
IDE-Version: ¦ÌVision V5.26.2.0
Copyright (C) 2018 ARM Ltd and ARM Germany GmbH. All rights reserved.
License Information: CFH CFH, CFH, LIC=PE7DL-05R6A-DYEV3-AN9Q2-E1BV8-I5PFT
 
Tool Versions:
Toolchain:       MDK-ARM Plus  Version: 5.26.2.0
Toolchain Path:  C:\Users\fuhua\programs\MDK\ARM\ARMCLANG\Bin
C Compiler:      ArmClang.exe V6.10.1
Assembler:       Armasm.exe V6.10.1
Linker/Locator:  ArmLink.exe V6.10.1
Library Manager: ArmAr.exe V6.10.1
Hex Converter:   FromElf.exe V6.10.1
CPU DLL:         SARMCM3.DLL V5.26.2.0
Dialog DLL:      DCM.DLL V1.17.2.0
Target DLL:      Segger\JL2CM3.dll V2.99.31.0
Dialog DLL:      TCM.DLL V1.36.1.0
 
<h2>Project:</h2>
D:\dev\H7PI_Samples\MDK-ARM\H7PI_Samples.uvprojx
Project File Date:  03/09/2020

<h2>Output:</h2>
*** Using Compiler 'V6.10.1', folder: 'C:\Users\fuhua\programs\MDK\ARM\ARMCLANG\Bin'
Build target 'H7PI_Samples'
compiling i2c.c...
compiling gpio.c...
compiling fmc.c...
compiling sdmmc.c...
compiling spi.c...
compiling crc.c...
compiling debug.c...
compiling quadspi.c...
compiling freertos.c...
compiling dma.c...
compiling main.c...
compiling tim.c...
compiling usart.c...
compiling stm32h7xx_it.c...
compiling stm32h7xx_hal_msp.c...
compiling stm32h7xx_hal_pcd_ex.c...
compiling stm32h7xx_hal_crc_ex.c...
compiling stm32h7xx_hal_crc.c...
compiling stm32h7xx_hal_cortex.c...
compiling stm32h7xx_hal_pcd.c...
compiling stm32h7xx_ll_fmc.c...
compiling stm32h7xx_ll_usb.c...
compiling stm32h7xx_hal_sram.c...
compiling stm32h7xx_hal_i2c_ex.c...
compiling stm32h7xx_ll_delayblock.c...
compiling stm32h7xx_hal_sd_ex.c...
compiling stm32h7xx_ll_sdmmc.c...
compiling stm32h7xx_hal_qspi.c...
compiling stm32h7xx_hal_spi_ex.c...
compiling stm32h7xx_hal_sd.c...
compiling stm32h7xx_hal_i2c.c...
compiling stm32h7xx_hal_spi.c...
compiling stm32h7xx_hal_tim_ex.c...
compiling stm32h7xx_hal_uart_ex.c...
compiling stm32h7xx_hal_flash.c...
compiling stm32h7xx_hal_rcc.c...
compiling stm32h7xx_hal_uart.c...
compiling stm32h7xx_hal_flash_ex.c...
compiling stm32h7xx_hal_rcc_ex.c...
compiling stm32h7xx_hal_hsem.c...
compiling stm32h7xx_hal_gpio.c...
compiling stm32h7xx_hal_dma_ex.c...
compiling stm32h7xx_hal_pwr.c...
compiling croutine.c...
compiling stm32h7xx_hal_tim.c...
compiling stm32h7xx_hal_dma.c...
compiling event_groups.c...
compiling stm32h7xx_hal_mdma.c...
compiling stm32h7xx_hal_pwr_ex.c...
compiling system_stm32h7xx.c...
compiling stm32h7xx_hal.c...
compiling stm32h7xx_hal_exti.c...
compiling list.c...
compiling heap_4.c...
compiling stream_buffer.c...
compiling timers.c...
compiling queue.c...
compiling bsp_driver_sd.c...
compiling fatfs_platform.c...
compiling cmsis_os.c...
compiling tasks.c...
compiling user_diskio.c...
compiling sd_diskio.c...
compiling fatfs.c...
compiling GUIConf.c...
compiling diskio.c...
compiling GUI_X_OS.c...
compiling syscall.c...
compiling ff_gen_drv.c...
../User/Drivers/Display/en.STemWin_V5.44.70/Config/LCDConf_FlexColor_Template.c(108): warning: implicit declaration of function 'lcd_WR_REG' is invalid in C99 [-Wimplicit-function-declaration]
        lcd_WR_REG(Data);
        ^
../User/Drivers/Display/en.STemWin_V5.44.70/Config/LCDConf_FlexColor_Template.c(121): warning: implicit declaration of function 'lcd_WR_DATA' is invalid in C99 [-Wimplicit-function-declaration]
        lcd_WR_DATA(Data);
        ^
../User/Drivers/Display/en.STemWin_V5.44.70/Config/LCDConf_FlexColor_Template.c(135): warning: implicit declaration of function 'lcd_WR_DATA' is invalid in C99 [-Wimplicit-function-declaration]
                lcd_WR_DATA(*pData++);
                ^
../User/Drivers/Display/en.STemWin_V5.44.70/Config/LCDConf_FlexColor_Template.c(149): warning: implicit declaration of function 'lcd_RD_DATA' is invalid in C99 [-Wimplicit-function-declaration]
                *pData++ = lcd_RD_DATA();
                           ^
../User/Drivers/Display/en.STemWin_V5.44.70/Config/LCDConf_FlexColor_Template.c(259): warning: implicit declaration of function 'lcd_Init' is invalid in C99 [-Wimplicit-function-declaration]
                lcd_Init();
                ^
5 warnings generated.
compiling LCDConf_FlexColor_Template.c...
compiling io.c...
compiling irq.c...
compiling GUIDRV_Template_ST7789.c...
compiling cc936.c...
compiling port.c...
compiling fifo.c...
compiling uart.c...
compiling cdc.c...
../User/Drivers/System/user.c(95): warning: implicit declaration of function 'lcd_Init' is invalid in C99 [-Wimplicit-function-declaration]
        lcd_Init();
        ^
../User/Drivers/System/user.c(104): warning: implicit declaration of function 'lcd_SetBacklight' is invalid in C99 [-Wimplicit-function-declaration]
        lcd_SetBacklight(50);
        ^
2 warnings generated.
compiling user.c...
compiling 40PC.c...
compiling icm20648.c...
compiling awm3150v.c...
compiling aht10.c...
compiling bh1730.c...
compiling f1012.c...
compiling hp203b.c...
compiling ns2009.c...
compiling qspiflash.c...
compiling spiflash.c...
compiling led.c...
compiling bc20.c...
compiling app_arduino.c...
compiling oled.c...
compiling lcd_st7789.c...
compiling lcd.c...
compiling app_test.c...
compiling app_test_games.c...
compiling ff.c...
compiling MainDLG.c...
compiling usbd_cdc_if.c...
compiling usbd_cdc.c...
compiling usbd_storage_if.c...
compiling usbd_desc.c...
compiling usb_device.c...
compiling usbd_cdc_msc.c...
compiling usbd_conf.c...
compiling usbd_core.c...
compiling usbd_ctlreq.c...
compiling usbd_msc_data.c...
compiling usbd_ioreq.c...
compiling usbd_msc_bot.c...
compiling usbd_msc.c...
compiling usbd_msc_scsi.c...
linking...
Program Size: Code=102776 RO-data=6128 RW-data=412 ZI-data=519748  
FromELF: creating hex file...
After Build - User command #1: C:\Users\fuhua\programs\MDK\\ARM\ARMCC\bin\fromelf.exe --bin --output=app_test.bin H7PI_Samples\H7PI_Samples.axf
"H7PI_Samples\H7PI_Samples.axf" - 0 Error(s), 7 Warning(s).

<h2>Software Packages used:</h2>

Package Vendor: Keil
                https://www.keil.com/pack/Keil.STM32H7xx_DFP.2.4.0.pack
                Keil.STM32H7xx_DFP.2.4.0
                STMicroelectronics STM32H7 Series Device Support and Examples

<h2>Collection of Component include folders:</h2>
  .\RTE\_H7PI_Samples
  C:\Users\fuhua\programs\MDK\ARM\PACK\Keil\STM32H7xx_DFP\2.4.0\Drivers\CMSIS\Device\ST\STM32H7xx\Include

<h2>Collection of Component Files used:</h2>
Build Time Elapsed:  00:00:11
</pre>
</body>
</html>
